==4021909== Helgrind, a thread error detector
==4021909== Copyright (C) 2007-2017, and GNU GPL'd, by OpenWorks LLP et al.
==4021909== Using Valgrind-3.22.0 and LibVEX; rerun with -h for copyright info
==4021909== Command: ./threadpool --all
==4021909== 
[36m[B01][0m Basic execution (3 tasks on 2 threads)... ==4021910== 
==4021910== Use --history-level=approx or =none to gain increased speed, at
==4021910== the cost of reduced accuracy of conflicting-access information
==4021910== For lists of detected and suppressed errors, rerun with: -s
==4021910== ERROR SUMMARY: 0 errors from 0 contexts (suppressed: 267 from 20)
[1;32m✅ PASSED[0m
[36m[B02][0m Wait without scheduling... ==4021914== 
==4021914== Use --history-level=approx or =none to gain increased speed, at
==4021914== the cost of reduced accuracy of conflicting-access information
==4021914== For lists of detected and suppressed errors, rerun with: -s
==4021914== ERROR SUMMARY: 0 errors from 0 contexts (suppressed: 136 from 16)
[1;32m✅ PASSED[0m
[36m[B03][0m Serial execution with 1 thread... ==4021920== 
==4021920== Use --history-level=approx or =none to gain increased speed, at
==4021920== the cost of reduced accuracy of conflicting-access information
==4021920== For lists of detected and suppressed errors, rerun with: -s
==4021920== ERROR SUMMARY: 0 errors from 0 contexts (suppressed: 374 from 20)
[1;32m✅ PASSED[0m
[36m[B04][0m FIFO execution in single-thread mode... ==4021923== 
==4021923== Use --history-level=approx or =none to gain increased speed, at
==4021923== the cost of reduced accuracy of conflicting-access information
==4021923== For lists of detected and suppressed errors, rerun with: -s
==4021923== ERROR SUMMARY: 0 errors from 0 contexts (suppressed: 674 from 20)
[1;32m✅ PASSED[0m
[32m[C01][0m Stress with 1000 tasks... ==4021926== 
==4021926== Use --history-level=approx or =none to gain increased speed, at
==4021926== the cost of reduced accuracy of conflicting-access information
==4021926== For lists of detected and suppressed errors, rerun with: -s
==4021926== ERROR SUMMARY: 0 errors from 0 contexts (suppressed: 42559 from 20)
[1;32m✅ PASSED[0m
[32m[C02][0m Reusing the pool after wait... ==4021936== 
==4021936== Use --history-level=approx or =none to gain increased speed, at
==4021936== the cost of reduced accuracy of conflicting-access information
==4021936== For lists of detected and suppressed errors, rerun with: -s
==4021936== ERROR SUMMARY: 0 errors from 0 contexts (suppressed: 310 from 20)
[1;32m✅ PASSED[0m
[32m[C03][0m Multiple wait() calls... ==4021942== 
==4021942== Use --history-level=approx or =none to gain increased speed, at
==4021942== the cost of reduced accuracy of conflicting-access information
==4021942== For lists of detected and suppressed errors, rerun with: -s
==4021942== ERROR SUMMARY: 0 errors from 0 contexts (suppressed: 224 from 20)
[1;32m✅ PASSED[0m
[35m[E01][0m Massive stress (10k tasks)... ==4021948== 
==4021948== Use --history-level=approx or =none to gain increased speed, at
==4021948== the cost of reduced accuracy of conflicting-access information
==4021948== For lists of detected and suppressed errors, rerun with: -s
==4021948== ERROR SUMMARY: 0 errors from 0 contexts (suppressed: 733338 from 20)
[1;32m✅ PASSED[0m
[35m[E02][0m Long tasks then shutdown... ==4021969== 
==4021969== Use --history-level=approx or =none to gain increased speed, at
==4021969== the cost of reduced accuracy of conflicting-access information
==4021969== For lists of detected and suppressed errors, rerun with: -s
==4021969== ERROR SUMMARY: 0 errors from 0 contexts (suppressed: 821 from 20)
[1;32m✅ PASSED[0m
[35m[E03][0m Lots of short tasks on few threads... ==4021975== 
==4021975== Use --history-level=approx or =none to gain increased speed, at
==4021975== the cost of reduced accuracy of conflicting-access information
==4021975== For lists of detected and suppressed errors, rerun with: -s
==4021975== ERROR SUMMARY: 0 errors from 0 contexts (suppressed: 13161 from 20)
[1;32m✅ PASSED[0m
[35m[E04][0m Detect potential deadlock... ==4021980== ---Thread-Announcement------------------------------------------
==4021980== 
==4021980== Thread #2 was created
==4021980==    at 0x4C3FA23: clone (clone.S:76)
==4021980==    by 0x4C3FBA2: __clone_internal_fallback (clone-internal.c:64)
==4021980==    by 0x4C3FBA2: __clone_internal (clone-internal.c:109)
==4021980==    by 0x4BB254F: create_thread (pthread_create.c:297)
==4021980==    by 0x4BB31A4: pthread_create@@GLIBC_2.34 (pthread_create.c:836)
==4021980==    by 0x4854975: ??? (in /usr/libexec/valgrind/vgpreload_helgrind-amd64-linux.so)
==4021980==    by 0x4956EB0: std::thread::_M_start_thread(std::unique_ptr<std::thread::_State, std::default_delete<std::thread::_State> >, void (*)()) (in /usr/lib/x86_64-linux-gnu/libstdc++.so.6.0.33)
==4021980==    by 0x11B964: std::thread::thread<test_potential_deadlock()::{lambda()#1}, , void>(test_potential_deadlock()::{lambda()#1}&&) (std_thread.h:164)
==4021980==    by 0x115BDD: test_potential_deadlock() (test_custom.cc:279)
==4021980==    by 0x1303F0: bool std::__invoke_impl<bool, bool (*&)()>(std::__invoke_other, bool (*&)()) (invoke.h:61)
==4021980==    by 0x12F091: std::enable_if<!std::is_void<bool>::value, bool>::type std::__invoke_r<bool, bool (*&)()>(bool (*&)()) (invoke.h:138)
==4021980==    by 0x12D741: std::_Function_handler<bool (), bool (*)()>::_M_invoke(std::_Any_data const&) (std_function.h:290)
==4021980==    by 0x12B605: std::function<bool ()>::operator()() const (std_function.h:591)
==4021980== 
==4021980== ----------------------------------------------------------------
==4021980== 
==4021980== Thread #2: pthread_cond_{signal,broadcast}: dubious: associated lock is not held by any thread
==4021980==    at 0x4851C1D: ??? (in /usr/libexec/valgrind/vgpreload_helgrind-amd64-linux.so)
==4021980==    by 0x115A8E: test_potential_deadlock()::{lambda()#1}::operator()() const (test_custom.cc:273)
==4021980==    by 0x12871F: void std::__invoke_impl<void, test_potential_deadlock()::{lambda()#1}>(std::__invoke_other, test_potential_deadlock()::{lambda()#1}&&) (invoke.h:61)
==4021980==    by 0x128443: std::__invoke_result<test_potential_deadlock()::{lambda()#1}>::type std::__invoke<test_potential_deadlock()::{lambda()#1}>(test_potential_deadlock()::{lambda()#1}&&) (invoke.h:96)
==4021980==    by 0x12805F: void std::thread::_Invoker<std::tuple<test_potential_deadlock()::{lambda()#1}> >::_M_invoke<0ul>(std::_Index_tuple<0ul>) (std_thread.h:292)
==4021980==    by 0x127E4F: std::thread::_Invoker<std::tuple<test_potential_deadlock()::{lambda()#1}> >::operator()() (std_thread.h:299)
==4021980==    by 0x127CFF: std::thread::_State_impl<std::thread::_Invoker<std::tuple<test_potential_deadlock()::{lambda()#1}> > >::_M_run() (std_thread.h:244)
==4021980==    by 0x4956DB3: ??? (in /usr/lib/x86_64-linux-gnu/libstdc++.so.6.0.33)
==4021980==    by 0x4854B7A: ??? (in /usr/libexec/valgrind/vgpreload_helgrind-amd64-linux.so)
==4021980==    by 0x4BB2AA3: start_thread (pthread_create.c:447)
==4021980==    by 0x4C3FA33: clone (clone.S:100)
==4021980== 
==4021980== 
==4021980== Use --history-level=approx or =none to gain increased speed, at
==4021980== the cost of reduced accuracy of conflicting-access information
==4021980== For lists of detected and suppressed errors, rerun with: -s
==4021980== ERROR SUMMARY: 1 errors from 1 contexts (suppressed: 169 from 27)
[1;32m✅ PASSED[0m
[35m[E05][0m Simulated pendingTasks tracking... ==4021985== 
==4021985== Use --history-level=approx or =none to gain increased speed, at
==4021985== the cost of reduced accuracy of conflicting-access information
==4021985== For lists of detected and suppressed errors, rerun with: -s
==4021985== ERROR SUMMARY: 0 errors from 0 contexts (suppressed: 7932 from 20)
[1;32m✅ PASSED[0m
[34m[F01][0m Schedule from multiple threads... ==4021991== 
==4021991== Use --history-level=approx or =none to gain increased speed, at
==4021991== the cost of reduced accuracy of conflicting-access information
==4021991== For lists of detected and suppressed errors, rerun with: -s
==4021991== ERROR SUMMARY: 0 errors from 0 contexts (suppressed: 106689 from 20)
[1;32m✅ PASSED[0m
[34m[F02][0m Schedule after destruction (invalid use)... ==4022006== 
==4022006== Use --history-level=approx or =none to gain increased speed, at
==4022006== the cost of reduced accuracy of conflicting-access information
==4022006== For lists of detected and suppressed errors, rerun with: -s
==4022006== ERROR SUMMARY: 0 errors from 0 contexts (suppressed: 163 from 20)
[1;32m✅ PASSED[0m
[34m[F03][0m Schedule inside another task... ==4022010== ---Thread-Announcement------------------------------------------
==4022010== 
==4022010== Thread #2 was created
==4022010==    at 0x4C3FA23: clone (clone.S:76)
==4022010==    by 0x4C3FBA2: __clone_internal_fallback (clone-internal.c:64)
==4022010==    by 0x4C3FBA2: __clone_internal (clone-internal.c:109)
==4022010==    by 0x4BB254F: create_thread (pthread_create.c:297)
==4022010==    by 0x4BB31A4: pthread_create@@GLIBC_2.34 (pthread_create.c:836)
==4022010==    by 0x4854975: ??? (in /usr/libexec/valgrind/vgpreload_helgrind-amd64-linux.so)
==4022010==    by 0x4956EB0: std::thread::_M_start_thread(std::unique_ptr<std::thread::_State, std::default_delete<std::thread::_State> >, void (*)()) (in /usr/lib/x86_64-linux-gnu/libstdc++.so.6.0.33)
==4022010==    by 0x10FB2A: std::thread::thread<void (ThreadPool::*)(int), ThreadPool*, unsigned long&, void>(void (ThreadPool::*&&)(int), ThreadPool*&&, unsigned long&) (std_thread.h:164)
==4022010==    by 0x10DD86: ThreadPool::ThreadPool(unsigned long) (thread-pool.cc:10)
==4022010==    by 0x116414: test_schedule_inside_task() (test_custom.cc:359)
==4022010==    by 0x1303F0: bool std::__invoke_impl<bool, bool (*&)()>(std::__invoke_other, bool (*&)()) (invoke.h:61)
==4022010==    by 0x12F091: std::enable_if<!std::is_void<bool>::value, bool>::type std::__invoke_r<bool, bool (*&)()>(bool (*&)()) (invoke.h:138)
==4022010==    by 0x12D741: std::_Function_handler<bool (), bool (*)()>::_M_invoke(std::_Any_data const&) (std_function.h:290)
==4022010== 
==4022010== ----------------------------------------------------------------
==4022010== 
==4022010== Thread #2: lock order "0x1FFEFFEFE8 before 0x4E28638" violated
==4022010== 
==4022010== Observed (incorrect) order is: acquisition of lock at 0x4E28638
==4022010==    at 0x48512DC: ??? (in /usr/libexec/valgrind/vgpreload_helgrind-amd64-linux.so)
==4022010==    by 0x10EDB9: __gthread_mutex_lock(pthread_mutex_t*) (gthr-default.h:749)
==4022010==    by 0x10EF6F: std::mutex::lock() (std_mutex.h:113)
==4022010==    by 0x10F76B: std::lock_guard<std::mutex>::lock_guard(std::mutex&) (std_mutex.h:249)
==4022010==    by 0x10E5D2: ThreadPool::worker(int) (thread-pool.cc:88)
==4022010==    by 0x113E17: void std::__invoke_impl<void, void (ThreadPool::*)(int), ThreadPool*, unsigned long>(std::__invoke_memfun_deref, void (ThreadPool::*&&)(int), ThreadPool*&&, unsigned long&&) (invoke.h:74)
==4022010==    by 0x113C75: std::__invoke_result<void (ThreadPool::*)(int), ThreadPool*, unsigned long>::type std::__invoke<void (ThreadPool::*)(int), ThreadPool*, unsigned long>(void (ThreadPool::*&&)(int), ThreadPool*&&, unsigned long&&) (invoke.h:96)
==4022010==    by 0x113AF4: void std::thread::_Invoker<std::tuple<void (ThreadPool::*)(int), ThreadPool*, unsigned long> >::_M_invoke<0ul, 1ul, 2ul>(std::_Index_tuple<0ul, 1ul, 2ul>) (std_thread.h:292)
==4022010==    by 0x113A1F: std::thread::_Invoker<std::tuple<void (ThreadPool::*)(int), ThreadPool*, unsigned long> >::operator()() (std_thread.h:299)
==4022010==    by 0x1139C1: std::thread::_State_impl<std::thread::_Invoker<std::tuple<void (ThreadPool::*)(int), ThreadPool*, unsigned long> > >::_M_run() (std_thread.h:244)
==4022010==    by 0x4956DB3: ??? (in /usr/lib/x86_64-linux-gnu/libstdc++.so.6.0.33)
==4022010==    by 0x4854B7A: ??? (in /usr/libexec/valgrind/vgpreload_helgrind-amd64-linux.so)
==4022010== 
==4022010==  followed by a later acquisition of lock at 0x1FFEFFEFE8
==4022010==    at 0x48512DC: ??? (in /usr/libexec/valgrind/vgpreload_helgrind-amd64-linux.so)
==4022010==    by 0x10EDB9: __gthread_mutex_lock(pthread_mutex_t*) (gthr-default.h:749)
==4022010==    by 0x10EF6F: std::mutex::lock() (std_mutex.h:113)
==4022010==    by 0x10F76B: std::lock_guard<std::mutex>::lock_guard(std::mutex&) (std_mutex.h:249)
==4022010==    by 0x10E018: ThreadPool::schedule(std::function<void ()> const&) (thread-pool.cc:24)
==4022010==    by 0x116386: test_schedule_inside_task()::{lambda()#1}::operator()() const (test_custom.cc:365)
==4022010==    by 0x124CA1: void std::__invoke_impl<void, test_schedule_inside_task()::{lambda()#1}&>(std::__invoke_other, test_schedule_inside_task()::{lambda()#1}&) (invoke.h:61)
==4022010==    by 0x12248F: std::enable_if<std::is_void<void>::value, void>::type std::__invoke_r<void, test_schedule_inside_task()::{lambda()#1}&>(test_schedule_inside_task()::{lambda()#1}&) (invoke.h:150)
==4022010==    by 0x11E93C: std::_Function_handler<void (), test_schedule_inside_task()::{lambda()#1}>::_M_invoke(std::_Any_data const&) (std_function.h:290)
==4022010==    by 0x10FFC3: std::function<void ()>::operator()() const (std_function.h:591)
==4022010==    by 0x10E61E: ThreadPool::worker(int) (thread-pool.cc:90)
==4022010==    by 0x113E17: void std::__invoke_impl<void, void (ThreadPool::*)(int), ThreadPool*, unsigned long>(std::__invoke_memfun_deref, void (ThreadPool::*&&)(int), ThreadPool*&&, unsigned long&&) (invoke.h:74)
==4022010== 
==4022010== Required order was established by acquisition of lock at 0x1FFEFFEFE8
==4022010==    at 0x48512DC: ??? (in /usr/libexec/valgrind/vgpreload_helgrind-amd64-linux.so)
==4022010==    by 0x10EDB9: __gthread_mutex_lock(pthread_mutex_t*) (gthr-default.h:749)
==4022010==    by 0x10EF6F: std::mutex::lock() (std_mutex.h:113)
==4022010==    by 0x10F76B: std::lock_guard<std::mutex>::lock_guard(std::mutex&) (std_mutex.h:249)
==4022010==    by 0x10E951: ThreadPool::dispatcher() (thread-pool.cc:124)
==4022010==    by 0x113D25: void std::__invoke_impl<void, void (ThreadPool::*)(), ThreadPool*>(std::__invoke_memfun_deref, void (ThreadPool::*&&)(), ThreadPool*&&) (invoke.h:74)
==4022010==    by 0x113B97: std::__invoke_result<void (ThreadPool::*)(), ThreadPool*>::type std::__invoke<void (ThreadPool::*)(), ThreadPool*>(void (ThreadPool::*&&)(), ThreadPool*&&) (invoke.h:96)
==4022010==    by 0x113A8A: void std::thread::_Invoker<std::tuple<void (ThreadPool::*)(), ThreadPool*> >::_M_invoke<0ul, 1ul>(std::_Index_tuple<0ul, 1ul>) (std_thread.h:292)
==4022010==    by 0x1139FF: std::thread::_Invoker<std::tuple<void (ThreadPool::*)(), ThreadPool*> >::operator()() (std_thread.h:299)
==4022010==    by 0x11399D: std::thread::_State_impl<std::thread::_Invoker<std::tuple<void (ThreadPool::*)(), ThreadPool*> > >::_M_run() (std_thread.h:244)
==4022010==    by 0x4956DB3: ??? (in /usr/lib/x86_64-linux-gnu/libstdc++.so.6.0.33)
==4022010==    by 0x4854B7A: ??? (in /usr/libexec/valgrind/vgpreload_helgrind-amd64-linux.so)
==4022010== 
==4022010==  followed by a later acquisition of lock at 0x4E28638
==4022010==    at 0x48512DC: ??? (in /usr/libexec/valgrind/vgpreload_helgrind-amd64-linux.so)
==4022010==    by 0x10EDB9: __gthread_mutex_lock(pthread_mutex_t*) (gthr-default.h:749)
==4022010==    by 0x10EF6F: std::mutex::lock() (std_mutex.h:113)
==4022010==    by 0x10F76B: std::lock_guard<std::mutex>::lock_guard(std::mutex&) (std_mutex.h:249)
==4022010==    by 0x10E9DD: ThreadPool::dispatcher() (thread-pool.cc:126)
==4022010==    by 0x113D25: void std::__invoke_impl<void, void (ThreadPool::*)(), ThreadPool*>(std::__invoke_memfun_deref, void (ThreadPool::*&&)(), ThreadPool*&&) (invoke.h:74)
==4022010==    by 0x113B97: std::__invoke_result<void (ThreadPool::*)(), ThreadPool*>::type std::__invoke<void (ThreadPool::*)(), ThreadPool*>(void (ThreadPool::*&&)(), ThreadPool*&&) (invoke.h:96)
==4022010==    by 0x113A8A: void std::thread::_Invoker<std::tuple<void (ThreadPool::*)(), ThreadPool*> >::_M_invoke<0ul, 1ul>(std::_Index_tuple<0ul, 1ul>) (std_thread.h:292)
==4022010==    by 0x1139FF: std::thread::_Invoker<std::tuple<void (ThreadPool::*)(), ThreadPool*> >::operator()() (std_thread.h:299)
==4022010==    by 0x11399D: std::thread::_State_impl<std::thread::_Invoker<std::tuple<void (ThreadPool::*)(), ThreadPool*> > >::_M_run() (std_thread.h:244)
==4022010==    by 0x4956DB3: ??? (in /usr/lib/x86_64-linux-gnu/libstdc++.so.6.0.33)
==4022010==    by 0x4854B7A: ??? (in /usr/libexec/valgrind/vgpreload_helgrind-amd64-linux.so)
==4022010== 
==4022010==  Lock at 0x1FFEFFEFE8 was first observed
==4022010==    at 0x48512DC: ??? (in /usr/libexec/valgrind/vgpreload_helgrind-amd64-linux.so)
==4022010==    by 0x10EDB9: __gthread_mutex_lock(pthread_mutex_t*) (gthr-default.h:749)
==4022010==    by 0x10EF6F: std::mutex::lock() (std_mutex.h:113)
==4022010==    by 0x1109C2: std::unique_lock<std::mutex>::lock() (unique_lock.h:141)
==4022010==    by 0x10FD78: std::unique_lock<std::mutex>::unique_lock(std::mutex&) (unique_lock.h:71)
==4022010==    by 0x10E852: ThreadPool::dispatcher() (thread-pool.cc:114)
==4022010==    by 0x113D25: void std::__invoke_impl<void, void (ThreadPool::*)(), ThreadPool*>(std::__invoke_memfun_deref, void (ThreadPool::*&&)(), ThreadPool*&&) (invoke.h:74)
==4022010==    by 0x113B97: std::__invoke_result<void (ThreadPool::*)(), ThreadPool*>::type std::__invoke<void (ThreadPool::*)(), ThreadPool*>(void (ThreadPool::*&&)(), ThreadPool*&&) (invoke.h:96)
==4022010==    by 0x113A8A: void std::thread::_Invoker<std::tuple<void (ThreadPool::*)(), ThreadPool*> >::_M_invoke<0ul, 1ul>(std::_Index_tuple<0ul, 1ul>) (std_thread.h:292)
==4022010==    by 0x1139FF: std::thread::_Invoker<std::tuple<void (ThreadPool::*)(), ThreadPool*> >::operator()() (std_thread.h:299)
==4022010==    by 0x11399D: std::thread::_State_impl<std::thread::_Invoker<std::tuple<void (ThreadPool::*)(), ThreadPool*> > >::_M_run() (std_thread.h:244)
==4022010==    by 0x4956DB3: ??? (in /usr/lib/x86_64-linux-gnu/libstdc++.so.6.0.33)
==4022010==  Address 0x1ffeffefe8 is on thread #1's stack
==4022010==  in frame #3, created by test_schedule_inside_task() (test_custom.cc:358)
==4022010== 
==4022010==  Lock at 0x4E28638 was first observed
==4022010==    at 0x48512DC: ??? (in /usr/libexec/valgrind/vgpreload_helgrind-amd64-linux.so)
==4022010==    by 0x10EDB9: __gthread_mutex_lock(pthread_mutex_t*) (gthr-default.h:749)
==4022010==    by 0x10EF6F: std::mutex::lock() (std_mutex.h:113)
==4022010==    by 0x10F76B: std::lock_guard<std::mutex>::lock_guard(std::mutex&) (std_mutex.h:249)
==4022010==    by 0x10E9DD: ThreadPool::dispatcher() (thread-pool.cc:126)
==4022010==    by 0x113D25: void std::__invoke_impl<void, void (ThreadPool::*)(), ThreadPool*>(std::__invoke_memfun_deref, void (ThreadPool::*&&)(), ThreadPool*&&) (invoke.h:74)
==4022010==    by 0x113B97: std::__invoke_result<void (ThreadPool::*)(), ThreadPool*>::type std::__invoke<void (ThreadPool::*)(), ThreadPool*>(void (ThreadPool::*&&)(), ThreadPool*&&) (invoke.h:96)
==4022010==    by 0x113A8A: void std::thread::_Invoker<std::tuple<void (ThreadPool::*)(), ThreadPool*> >::_M_invoke<0ul, 1ul>(std::_Index_tuple<0ul, 1ul>) (std_thread.h:292)
==4022010==    by 0x1139FF: std::thread::_Invoker<std::tuple<void (ThreadPool::*)(), ThreadPool*> >::operator()() (std_thread.h:299)
==4022010==    by 0x11399D: std::thread::_State_impl<std::thread::_Invoker<std::tuple<void (ThreadPool::*)(), ThreadPool*> > >::_M_run() (std_thread.h:244)
==4022010==    by 0x4956DB3: ??? (in /usr/lib/x86_64-linux-gnu/libstdc++.so.6.0.33)
==4022010==    by 0x4854B7A: ??? (in /usr/libexec/valgrind/vgpreload_helgrind-amd64-linux.so)
==4022010==  Address 0x4e28638 is 168 bytes inside a block of size 832 alloc'd
==4022010==    at 0x4849023: operator new(unsigned long) (in /usr/libexec/valgrind/vgpreload_helgrind-amd64-linux.so)
==4022010==    by 0x112D59: std::__new_allocator<worker>::allocate(unsigned long, void const*) (new_allocator.h:151)
==4022010==    by 0x111D8E: allocate (alloc_traits.h:482)
==4022010==    by 0x111D8E: std::_Vector_base<worker, std::allocator<worker> >::_M_allocate(unsigned long) (stl_vector.h:381)
==4022010==    by 0x110F94: std::_Vector_base<worker, std::allocator<worker> >::_M_create_storage(unsigned long) (stl_vector.h:398)
==4022010==    by 0x110300: std::_Vector_base<worker, std::allocator<worker> >::_Vector_base(unsigned long, std::allocator<worker> const&) (stl_vector.h:335)
==4022010==    by 0x10F8BA: std::vector<worker, std::allocator<worker> >::vector(unsigned long, std::allocator<worker> const&) (stl_vector.h:557)
==4022010==    by 0x10DC4A: ThreadPool::ThreadPool(unsigned long) (thread-pool.cc:6)
==4022010==    by 0x116414: test_schedule_inside_task() (test_custom.cc:359)
==4022010==    by 0x1303F0: bool std::__invoke_impl<bool, bool (*&)()>(std::__invoke_other, bool (*&)()) (invoke.h:61)
==4022010==    by 0x12F091: std::enable_if<!std::is_void<bool>::value, bool>::type std::__invoke_r<bool, bool (*&)()>(bool (*&)()) (invoke.h:138)
==4022010==    by 0x12D741: std::_Function_handler<bool (), bool (*)()>::_M_invoke(std::_Any_data const&) (std_function.h:290)
==4022010==    by 0x12B605: std::function<bool ()>::operator()() const (std_function.h:591)
==4022010==  Block was alloc'd by thread #1
==4022010== 
==4022010== 
==4022010== ---Thread-Announcement------------------------------------------
==4022010== 
==4022010== Thread #6 was created
==4022010==    at 0x4C3FA23: clone (clone.S:76)
==4022010==    by 0x4C3FBA2: __clone_internal_fallback (clone-internal.c:64)
==4022010==    by 0x4C3FBA2: __clone_internal (clone-internal.c:109)
==4022010==    by 0x4BB254F: create_thread (pthread_create.c:297)
==4022010==    by 0x4BB31A4: pthread_create@@GLIBC_2.34 (pthread_create.c:836)
==4022010==    by 0x4854975: ??? (in /usr/libexec/valgrind/vgpreload_helgrind-amd64-linux.so)
==4022010==    by 0x4956EB0: std::thread::_M_start_thread(std::unique_ptr<std::thread::_State, std::default_delete<std::thread::_State> >, void (*)()) (in /usr/lib/x86_64-linux-gnu/libstdc++.so.6.0.33)
==4022010==    by 0x10FC46: std::thread::thread<void (ThreadPool::*)(), ThreadPool*, void>(void (ThreadPool::*&&)(), ThreadPool*&&) (std_thread.h:164)
==4022010==    by 0x10DE07: ThreadPool::ThreadPool(unsigned long) (thread-pool.cc:12)
==4022010==    by 0x116414: test_schedule_inside_task() (test_custom.cc:359)
==4022010==    by 0x1303F0: bool std::__invoke_impl<bool, bool (*&)()>(std::__invoke_other, bool (*&)()) (invoke.h:61)
==4022010==    by 0x12F091: std::enable_if<!std::is_void<bool>::value, bool>::type std::__invoke_r<bool, bool (*&)()>(bool (*&)()) (invoke.h:138)
==4022010==    by 0x12D741: std::_Function_handler<bool (), bool (*)()>::_M_invoke(std::_Any_data const&) (std_function.h:290)
==4022010== 
==4022010== ----------------------------------------------------------------
==4022010== 
==4022010== Thread #6: lock order "0x4E28638 before 0x1FFEFFEFE8" violated
==4022010== 
==4022010== Observed (incorrect) order is: acquisition of lock at 0x1FFEFFEFE8
==4022010==    at 0x48512DC: ??? (in /usr/libexec/valgrind/vgpreload_helgrind-amd64-linux.so)
==4022010==    by 0x10EDB9: __gthread_mutex_lock(pthread_mutex_t*) (gthr-default.h:749)
==4022010==    by 0x10EF6F: std::mutex::lock() (std_mutex.h:113)
==4022010==    by 0x10F76B: std::lock_guard<std::mutex>::lock_guard(std::mutex&) (std_mutex.h:249)
==4022010==    by 0x10E951: ThreadPool::dispatcher() (thread-pool.cc:124)
==4022010==    by 0x113D25: void std::__invoke_impl<void, void (ThreadPool::*)(), ThreadPool*>(std::__invoke_memfun_deref, void (ThreadPool::*&&)(), ThreadPool*&&) (invoke.h:74)
==4022010==    by 0x113B97: std::__invoke_result<void (ThreadPool::*)(), ThreadPool*>::type std::__invoke<void (ThreadPool::*)(), ThreadPool*>(void (ThreadPool::*&&)(), ThreadPool*&&) (invoke.h:96)
==4022010==    by 0x113A8A: void std::thread::_Invoker<std::tuple<void (ThreadPool::*)(), ThreadPool*> >::_M_invoke<0ul, 1ul>(std::_Index_tuple<0ul, 1ul>) (std_thread.h:292)
==4022010==    by 0x1139FF: std::thread::_Invoker<std::tuple<void (ThreadPool::*)(), ThreadPool*> >::operator()() (std_thread.h:299)
==4022010==    by 0x11399D: std::thread::_State_impl<std::thread::_Invoker<std::tuple<void (ThreadPool::*)(), ThreadPool*> > >::_M_run() (std_thread.h:244)
==4022010==    by 0x4956DB3: ??? (in /usr/lib/x86_64-linux-gnu/libstdc++.so.6.0.33)
==4022010==    by 0x4854B7A: ??? (in /usr/libexec/valgrind/vgpreload_helgrind-amd64-linux.so)
==4022010== 
==4022010==  followed by a later acquisition of lock at 0x4E28638
==4022010==    at 0x48512DC: ??? (in /usr/libexec/valgrind/vgpreload_helgrind-amd64-linux.so)
==4022010==    by 0x10EDB9: __gthread_mutex_lock(pthread_mutex_t*) (gthr-default.h:749)
==4022010==    by 0x10EF6F: std::mutex::lock() (std_mutex.h:113)
==4022010==    by 0x10F76B: std::lock_guard<std::mutex>::lock_guard(std::mutex&) (std_mutex.h:249)
==4022010==    by 0x10E9DD: ThreadPool::dispatcher() (thread-pool.cc:126)
==4022010==    by 0x113D25: void std::__invoke_impl<void, void (ThreadPool::*)(), ThreadPool*>(std::__invoke_memfun_deref, void (ThreadPool::*&&)(), ThreadPool*&&) (invoke.h:74)
==4022010==    by 0x113B97: std::__invoke_result<void (ThreadPool::*)(), ThreadPool*>::type std::__invoke<void (ThreadPool::*)(), ThreadPool*>(void (ThreadPool::*&&)(), ThreadPool*&&) (invoke.h:96)
==4022010==    by 0x113A8A: void std::thread::_Invoker<std::tuple<void (ThreadPool::*)(), ThreadPool*> >::_M_invoke<0ul, 1ul>(std::_Index_tuple<0ul, 1ul>) (std_thread.h:292)
==4022010==    by 0x1139FF: std::thread::_Invoker<std::tuple<void (ThreadPool::*)(), ThreadPool*> >::operator()() (std_thread.h:299)
==4022010==    by 0x11399D: std::thread::_State_impl<std::thread::_Invoker<std::tuple<void (ThreadPool::*)(), ThreadPool*> > >::_M_run() (std_thread.h:244)
==4022010==    by 0x4956DB3: ??? (in /usr/lib/x86_64-linux-gnu/libstdc++.so.6.0.33)
==4022010==    by 0x4854B7A: ??? (in /usr/libexec/valgrind/vgpreload_helgrind-amd64-linux.so)
==4022010== 
==4022010== Required order was established by acquisition of lock at 0x4E28638
==4022010==    at 0x48512DC: ??? (in /usr/libexec/valgrind/vgpreload_helgrind-amd64-linux.so)
==4022010==    by 0x10EDB9: __gthread_mutex_lock(pthread_mutex_t*) (gthr-default.h:749)
==4022010==    by 0x10EF6F: std::mutex::lock() (std_mutex.h:113)
==4022010==    by 0x10F76B: std::lock_guard<std::mutex>::lock_guard(std::mutex&) (std_mutex.h:249)
==4022010==    by 0x10E5D2: ThreadPool::worker(int) (thread-pool.cc:88)
==4022010==    by 0x113E17: void std::__invoke_impl<void, void (ThreadPool::*)(int), ThreadPool*, unsigned long>(std::__invoke_memfun_deref, void (ThreadPool::*&&)(int), ThreadPool*&&, unsigned long&&) (invoke.h:74)
==4022010==    by 0x113C75: std::__invoke_result<void (ThreadPool::*)(int), ThreadPool*, unsigned long>::type std::__invoke<void (ThreadPool::*)(int), ThreadPool*, unsigned long>(void (ThreadPool::*&&)(int), ThreadPool*&&, unsigned long&&) (invoke.h:96)
==4022010==    by 0x113AF4: void std::thread::_Invoker<std::tuple<void (ThreadPool::*)(int), ThreadPool*, unsigned long> >::_M_invoke<0ul, 1ul, 2ul>(std::_Index_tuple<0ul, 1ul, 2ul>) (std_thread.h:292)
==4022010==    by 0x113A1F: std::thread::_Invoker<std::tuple<void (ThreadPool::*)(int), ThreadPool*, unsigned long> >::operator()() (std_thread.h:299)
==4022010==    by 0x1139C1: std::thread::_State_impl<std::thread::_Invoker<std::tuple<void (ThreadPool::*)(int), ThreadPool*, unsigned long> > >::_M_run() (std_thread.h:244)
==4022010==    by 0x4956DB3: ??? (in /usr/lib/x86_64-linux-gnu/libstdc++.so.6.0.33)
==4022010==    by 0x4854B7A: ??? (in /usr/libexec/valgrind/vgpreload_helgrind-amd64-linux.so)
==4022010== 
==4022010==  followed by a later acquisition of lock at 0x1FFEFFEFE8
==4022010==    at 0x48512DC: ??? (in /usr/libexec/valgrind/vgpreload_helgrind-amd64-linux.so)
==4022010==    by 0x10EDB9: __gthread_mutex_lock(pthread_mutex_t*) (gthr-default.h:749)
==4022010==    by 0x10EF6F: std::mutex::lock() (std_mutex.h:113)
==4022010==    by 0x10F76B: std::lock_guard<std::mutex>::lock_guard(std::mutex&) (std_mutex.h:249)
==4022010==    by 0x10E018: ThreadPool::schedule(std::function<void ()> const&) (thread-pool.cc:24)
==4022010==    by 0x116386: test_schedule_inside_task()::{lambda()#1}::operator()() const (test_custom.cc:365)
==4022010==    by 0x124CA1: void std::__invoke_impl<void, test_schedule_inside_task()::{lambda()#1}&>(std::__invoke_other, test_schedule_inside_task()::{lambda()#1}&) (invoke.h:61)
==4022010==    by 0x12248F: std::enable_if<std::is_void<void>::value, void>::type std::__invoke_r<void, test_schedule_inside_task()::{lambda()#1}&>(test_schedule_inside_task()::{lambda()#1}&) (invoke.h:150)
==4022010==    by 0x11E93C: std::_Function_handler<void (), test_schedule_inside_task()::{lambda()#1}>::_M_invoke(std::_Any_data const&) (std_function.h:290)
==4022010==    by 0x10FFC3: std::function<void ()>::operator()() const (std_function.h:591)
==4022010==    by 0x10E61E: ThreadPool::worker(int) (thread-pool.cc:90)
==4022010==    by 0x113E17: void std::__invoke_impl<void, void (ThreadPool::*)(int), ThreadPool*, unsigned long>(std::__invoke_memfun_deref, void (ThreadPool::*&&)(int), ThreadPool*&&, unsigned long&&) (invoke.h:74)
==4022010== 
==4022010==  Lock at 0x4E28638 was first observed
==4022010==    at 0x48512DC: ??? (in /usr/libexec/valgrind/vgpreload_helgrind-amd64-linux.so)
==4022010==    by 0x10EDB9: __gthread_mutex_lock(pthread_mutex_t*) (gthr-default.h:749)
==4022010==    by 0x10EF6F: std::mutex::lock() (std_mutex.h:113)
==4022010==    by 0x10F76B: std::lock_guard<std::mutex>::lock_guard(std::mutex&) (std_mutex.h:249)
==4022010==    by 0x10E9DD: ThreadPool::dispatcher() (thread-pool.cc:126)
==4022010==    by 0x113D25: void std::__invoke_impl<void, void (ThreadPool::*)(), ThreadPool*>(std::__invoke_memfun_deref, void (ThreadPool::*&&)(), ThreadPool*&&) (invoke.h:74)
==4022010==    by 0x113B97: std::__invoke_result<void (ThreadPool::*)(), ThreadPool*>::type std::__invoke<void (ThreadPool::*)(), ThreadPool*>(void (ThreadPool::*&&)(), ThreadPool*&&) (invoke.h:96)
==4022010==    by 0x113A8A: void std::thread::_Invoker<std::tuple<void (ThreadPool::*)(), ThreadPool*> >::_M_invoke<0ul, 1ul>(std::_Index_tuple<0ul, 1ul>) (std_thread.h:292)
==4022010==    by 0x1139FF: std::thread::_Invoker<std::tuple<void (ThreadPool::*)(), ThreadPool*> >::operator()() (std_thread.h:299)
==4022010==    by 0x11399D: std::thread::_State_impl<std::thread::_Invoker<std::tuple<void (ThreadPool::*)(), ThreadPool*> > >::_M_run() (std_thread.h:244)
==4022010==    by 0x4956DB3: ??? (in /usr/lib/x86_64-linux-gnu/libstdc++.so.6.0.33)
==4022010==    by 0x4854B7A: ??? (in /usr/libexec/valgrind/vgpreload_helgrind-amd64-linux.so)
==4022010==  Address 0x4e28638 is 168 bytes inside a block of size 832 alloc'd
==4022010==    at 0x4849023: operator new(unsigned long) (in /usr/libexec/valgrind/vgpreload_helgrind-amd64-linux.so)
==4022010==    by 0x112D59: std::__new_allocator<worker>::allocate(unsigned long, void const*) (new_allocator.h:151)
==4022010==    by 0x111D8E: allocate (alloc_traits.h:482)
==4022010==    by 0x111D8E: std::_Vector_base<worker, std::allocator<worker> >::_M_allocate(unsigned long) (stl_vector.h:381)
==4022010==    by 0x110F94: std::_Vector_base<worker, std::allocator<worker> >::_M_create_storage(unsigned long) (stl_vector.h:398)
==4022010==    by 0x110300: std::_Vector_base<worker, std::allocator<worker> >::_Vector_base(unsigned long, std::allocator<worker> const&) (stl_vector.h:335)
==4022010==    by 0x10F8BA: std::vector<worker, std::allocator<worker> >::vector(unsigned long, std::allocator<worker> const&) (stl_vector.h:557)
==4022010==    by 0x10DC4A: ThreadPool::ThreadPool(unsigned long) (thread-pool.cc:6)
==4022010==    by 0x116414: test_schedule_inside_task() (test_custom.cc:359)
==4022010==    by 0x1303F0: bool std::__invoke_impl<bool, bool (*&)()>(std::__invoke_other, bool (*&)()) (invoke.h:61)
==4022010==    by 0x12F091: std::enable_if<!std::is_void<bool>::value, bool>::type std::__invoke_r<bool, bool (*&)()>(bool (*&)()) (invoke.h:138)
==4022010==    by 0x12D741: std::_Function_handler<bool (), bool (*)()>::_M_invoke(std::_Any_data const&) (std_function.h:290)
==4022010==    by 0x12B605: std::function<bool ()>::operator()() const (std_function.h:591)
==4022010==  Block was alloc'd by thread #1
==4022010== 
==4022010==  Lock at 0x1FFEFFEFE8 was first observed
==4022010==    at 0x48512DC: ??? (in /usr/libexec/valgrind/vgpreload_helgrind-amd64-linux.so)
==4022010==    by 0x10EDB9: __gthread_mutex_lock(pthread_mutex_t*) (gthr-default.h:749)
==4022010==    by 0x10EF6F: std::mutex::lock() (std_mutex.h:113)
==4022010==    by 0x1109C2: std::unique_lock<std::mutex>::lock() (unique_lock.h:141)
==4022010==    by 0x10FD78: std::unique_lock<std::mutex>::unique_lock(std::mutex&) (unique_lock.h:71)
==4022010==    by 0x10E852: ThreadPool::dispatcher() (thread-pool.cc:114)
==4022010==    by 0x113D25: void std::__invoke_impl<void, void (ThreadPool::*)(), ThreadPool*>(std::__invoke_memfun_deref, void (ThreadPool::*&&)(), ThreadPool*&&) (invoke.h:74)
==4022010==    by 0x113B97: std::__invoke_result<void (ThreadPool::*)(), ThreadPool*>::type std::__invoke<void (ThreadPool::*)(), ThreadPool*>(void (ThreadPool::*&&)(), ThreadPool*&&) (invoke.h:96)
==4022010==    by 0x113A8A: void std::thread::_Invoker<std::tuple<void (ThreadPool::*)(), ThreadPool*> >::_M_invoke<0ul, 1ul>(std::_Index_tuple<0ul, 1ul>) (std_thread.h:292)
==4022010==    by 0x1139FF: std::thread::_Invoker<std::tuple<void (ThreadPool::*)(), ThreadPool*> >::operator()() (std_thread.h:299)
==4022010==    by 0x11399D: std::thread::_State_impl<std::thread::_Invoker<std::tuple<void (ThreadPool::*)(), ThreadPool*> > >::_M_run() (std_thread.h:244)
==4022010==    by 0x4956DB3: ??? (in /usr/lib/x86_64-linux-gnu/libstdc++.so.6.0.33)
==4022010==  Address 0x1ffeffefe8 is on thread #1's stack
==4022010==  in frame #3, created by test_schedule_inside_task() (test_custom.cc:358)
==4022010== 
==4022010== 
==4022010== 
==4022010== Use --history-level=approx or =none to gain increased speed, at
==4022010== the cost of reduced accuracy of conflicting-access information
==4022010== For lists of detected and suppressed errors, rerun with: -s
==4022010== ERROR SUMMARY: 4 errors from 2 contexts (suppressed: 269 from 18)
[1;32m✅ PASSED[0m
[34m[F04][0m Wait blocks until all tasks finish... ==4022016== 
==4022016== Use --history-level=approx or =none to gain increased speed, at
==4022016== the cost of reduced accuracy of conflicting-access information
==4022016== For lists of detected and suppressed errors, rerun with: -s
==4022016== ERROR SUMMARY: 0 errors from 0 contexts (suppressed: 163 from 20)
[1;32m✅ PASSED[0m
[34m[F06][0m Many waits in parallel... ==4022020== 
==4022020== Use --history-level=approx or =none to gain increased speed, at
==4022020== the cost of reduced accuracy of conflicting-access information
==4022020== For lists of detected and suppressed errors, rerun with: -s
==4022020== ERROR SUMMARY: 0 errors from 0 contexts (suppressed: 3960 from 20)
[1;32m✅ PASSED[0m
[34m[F07][0m High contention on atomic counter... ==4022031== 
==4022031== Use --history-level=approx or =none to gain increased speed, at
==4022031== the cost of reduced accuracy of conflicting-access information
==4022031== For lists of detected and suppressed errors, rerun with: -s
==4022031== ERROR SUMMARY: 0 errors from 0 contexts (suppressed: 43838 from 20)
[1;32m✅ PASSED[0m
[34m[F08][0m Destroy pool immediately after scheduling... ==4022037== 
==4022037== Use --history-level=approx or =none to gain increased speed, at
==4022037== the cost of reduced accuracy of conflicting-access information
==4022037== For lists of detected and suppressed errors, rerun with: -s
==4022037== ERROR SUMMARY: 0 errors from 0 contexts (suppressed: 698 from 19)
[1;32m✅ PASSED[0m
[34m[F09][0m Interleaved schedule/wait execution... ==4022042== 
==4022042== Use --history-level=approx or =none to gain increased speed, at
==4022042== the cost of reduced accuracy of conflicting-access information
==4022042== For lists of detected and suppressed errors, rerun with: -s
==4022042== ERROR SUMMARY: 0 errors from 0 contexts (suppressed: 3389 from 25)
[1;32m✅ PASSED[0m
[34m[F10][0m Multiple schedule/wait rounds... ==4022047== 
==4022047== Use --history-level=approx or =none to gain increased speed, at
==4022047== the cost of reduced accuracy of conflicting-access information
==4022047== For lists of detected and suppressed errors, rerun with: -s
==4022047== ERROR SUMMARY: 0 errors from 0 contexts (suppressed: 0 from 0)
[1;32m✅ PASSED[0m
[34m[F11][0m Multiple wait() calls inside tasks... ==4022048== 
==4022048== Use --history-level=approx or =none to gain increased speed, at
==4022048== the cost of reduced accuracy of conflicting-access information
==4022048== For lists of detected and suppressed errors, rerun with: -s
==4022048== ERROR SUMMARY: 0 errors from 0 contexts (suppressed: 0 from 0)
[1;32m✅ PASSED[0m
[34m[F12][0m Concurrent schedule/wait in parallel... ==4022049== 
==4022049== Use --history-level=approx or =none to gain increased speed, at
==4022049== the cost of reduced accuracy of conflicting-access information
==4022049== For lists of detected and suppressed errors, rerun with: -s
==4022049== ERROR SUMMARY: 0 errors from 0 contexts (suppressed: 18252 from 21)
[1;32m✅ PASSED[0m
[31m[H01][0m Wait inside task should deadlock... ==4022061== 
==4022061== Use --history-level=approx or =none to gain increased speed, at
==4022061== the cost of reduced accuracy of conflicting-access information
==4022061== For lists of detected and suppressed errors, rerun with: -s
==4022061== ERROR SUMMARY: 0 errors from 0 contexts (suppressed: 0 from 0)
[1;32m✅ PASSED[0m
[33m[L01][0m Destructor waits for tasks completion... ==4022062== 
==4022062== Use --history-level=approx or =none to gain increased speed, at
==4022062== the cost of reduced accuracy of conflicting-access information
==4022062== For lists of detected and suppressed errors, rerun with: -s
==4022062== ERROR SUMMARY: 0 errors from 0 contexts (suppressed: 135 from 19)
[1;32m✅ PASSED[0m
[33m[L02][0m Repeated pool creation and destruction... ==4022065== 
==4022065== Use --history-level=approx or =none to gain increased speed, at
==4022065== the cost of reduced accuracy of conflicting-access information
==4022065== For lists of detected and suppressed errors, rerun with: -s
==4022065== ERROR SUMMARY: 0 errors from 0 contexts (suppressed: 61363 from 20)
[1;32m✅ PASSED[0m
[91m[M01][0m Schedule nullptr function... ==4022366== 
==4022366== Use --history-level=approx or =none to gain increased speed, at
==4022366== the cost of reduced accuracy of conflicting-access information
==4022366== For lists of detected and suppressed errors, rerun with: -s
==4022366== ERROR SUMMARY: 0 errors from 0 contexts (suppressed: 78 from 16)
[1;32m✅ PASSED[0m
[91m[M02][0m wait() during infinite rescheduling... ==4022370== 
==4022370== Use --history-level=approx or =none to gain increased speed, at
==4022370== the cost of reduced accuracy of conflicting-access information
==4022370== For lists of detected and suppressed errors, rerun with: -s
==4022370== ERROR SUMMARY: 0 errors from 0 contexts (suppressed: 0 from 0)
[1;32m✅ PASSED[0m
[96m[N01][0m Deep nested task scheduling... ==4022371== ---Thread-Announcement------------------------------------------
==4022371== 
==4022371== Thread #3 was created
==4022371==    at 0x4C3FA23: clone (clone.S:76)
==4022371==    by 0x4C3FBA2: __clone_internal_fallback (clone-internal.c:64)
==4022371==    by 0x4C3FBA2: __clone_internal (clone-internal.c:109)
==4022371==    by 0x4BB254F: create_thread (pthread_create.c:297)
==4022371==    by 0x4BB31A4: pthread_create@@GLIBC_2.34 (pthread_create.c:836)
==4022371==    by 0x4854975: ??? (in /usr/libexec/valgrind/vgpreload_helgrind-amd64-linux.so)
==4022371==    by 0x4956EB0: std::thread::_M_start_thread(std::unique_ptr<std::thread::_State, std::default_delete<std::thread::_State> >, void (*)()) (in /usr/lib/x86_64-linux-gnu/libstdc++.so.6.0.33)
==4022371==    by 0x10FB2A: std::thread::thread<void (ThreadPool::*)(int), ThreadPool*, unsigned long&, void>(void (ThreadPool::*&&)(int), ThreadPool*&&, unsigned long&) (std_thread.h:164)
==4022371==    by 0x10DD86: ThreadPool::ThreadPool(unsigned long) (thread-pool.cc:10)
==4022371==    by 0x11814D: test_deep_nested_scheduling()::{lambda()#1}::operator()() const (test_custom.cc:671)
==4022371==    by 0x12862B: void std::__invoke_impl<void, test_deep_nested_scheduling()::{lambda()#1}>(std::__invoke_other, test_deep_nested_scheduling()::{lambda()#1}&&) (invoke.h:61)
==4022371==    by 0x1282F7: std::__invoke_result<test_deep_nested_scheduling()::{lambda()#1}>::type std::__invoke<test_deep_nested_scheduling()::{lambda()#1}>(test_deep_nested_scheduling()::{lambda()#1}&&) (invoke.h:96)
==4022371==    by 0x127FAF: void std::thread::_Invoker<std::tuple<test_deep_nested_scheduling()::{lambda()#1}> >::_M_invoke<0ul>(std::_Index_tuple<0ul>) (std_thread.h:292)
==4022371== 
==4022371== ----------------------------------------------------------------
==4022371== 
==4022371== Thread #3: lock order "0x5A15C28 before 0x4E288C8" violated
==4022371== 
==4022371== Observed (incorrect) order is: acquisition of lock at 0x4E288C8
==4022371==    at 0x48512DC: ??? (in /usr/libexec/valgrind/vgpreload_helgrind-amd64-linux.so)
==4022371==    by 0x10EDB9: __gthread_mutex_lock(pthread_mutex_t*) (gthr-default.h:749)
==4022371==    by 0x10EF6F: std::mutex::lock() (std_mutex.h:113)
==4022371==    by 0x10F76B: std::lock_guard<std::mutex>::lock_guard(std::mutex&) (std_mutex.h:249)
==4022371==    by 0x10E5D2: ThreadPool::worker(int) (thread-pool.cc:88)
==4022371==    by 0x113E17: void std::__invoke_impl<void, void (ThreadPool::*)(int), ThreadPool*, unsigned long>(std::__invoke_memfun_deref, void (ThreadPool::*&&)(int), ThreadPool*&&, unsigned long&&) (invoke.h:74)
==4022371==    by 0x113C75: std::__invoke_result<void (ThreadPool::*)(int), ThreadPool*, unsigned long>::type std::__invoke<void (ThreadPool::*)(int), ThreadPool*, unsigned long>(void (ThreadPool::*&&)(int), ThreadPool*&&, unsigned long&&) (invoke.h:96)
==4022371==    by 0x113AF4: void std::thread::_Invoker<std::tuple<void (ThreadPool::*)(int), ThreadPool*, unsigned long> >::_M_invoke<0ul, 1ul, 2ul>(std::_Index_tuple<0ul, 1ul, 2ul>) (std_thread.h:292)
==4022371==    by 0x113A1F: std::thread::_Invoker<std::tuple<void (ThreadPool::*)(int), ThreadPool*, unsigned long> >::operator()() (std_thread.h:299)
==4022371==    by 0x1139C1: std::thread::_State_impl<std::thread::_Invoker<std::tuple<void (ThreadPool::*)(int), ThreadPool*, unsigned long> > >::_M_run() (std_thread.h:244)
==4022371==    by 0x4956DB3: ??? (in /usr/lib/x86_64-linux-gnu/libstdc++.so.6.0.33)
==4022371==    by 0x4854B7A: ??? (in /usr/libexec/valgrind/vgpreload_helgrind-amd64-linux.so)
==4022371== 
==4022371==  followed by a later acquisition of lock at 0x5A15C28
==4022371==    at 0x48512DC: ??? (in /usr/libexec/valgrind/vgpreload_helgrind-amd64-linux.so)
==4022371==    by 0x10EDB9: __gthread_mutex_lock(pthread_mutex_t*) (gthr-default.h:749)
==4022371==    by 0x10EF6F: std::mutex::lock() (std_mutex.h:113)
==4022371==    by 0x10F76B: std::lock_guard<std::mutex>::lock_guard(std::mutex&) (std_mutex.h:249)
==4022371==    by 0x10E018: ThreadPool::schedule(std::function<void ()> const&) (thread-pool.cc:24)
==4022371==    by 0x1180BC: test_deep_nested_scheduling()::{lambda()#1}::operator()() const::{lambda()#1}::operator()() const (test_custom.cc:675)
==4022371==    by 0x125A85: void std::__invoke_impl<void, test_deep_nested_scheduling()::{lambda()#1}::operator()() const::{lambda()#1}&>(std::__invoke_other, test_deep_nested_scheduling()::{lambda()#1}::operator()() const::{lambda()#1}&) (invoke.h:61)
==4022371==    by 0x12370A: std::enable_if<std::is_void<void>::value, void>::type std::__invoke_r<void, test_deep_nested_scheduling()::{lambda()#1}::operator()() const::{lambda()#1}&>(test_deep_nested_scheduling()::{lambda()#1}::operator()() const::{lambda()#1}&) (invoke.h:150)
==4022371==    by 0x1205F0: std::_Function_handler<void (), test_deep_nested_scheduling()::{lambda()#1}::operator()() const::{lambda()#1}>::_M_invoke(std::_Any_data const&) (std_function.h:290)
==4022371==    by 0x10FFC3: std::function<void ()>::operator()() const (std_function.h:591)
==4022371==    by 0x10E61E: ThreadPool::worker(int) (thread-pool.cc:90)
==4022371==    by 0x113E17: void std::__invoke_impl<void, void (ThreadPool::*)(int), ThreadPool*, unsigned long>(std::__invoke_memfun_deref, void (ThreadPool::*&&)(int), ThreadPool*&&, unsigned long&&) (invoke.h:74)
==4022371== 
==4022371== Required order was established by acquisition of lock at 0x5A15C28
==4022371==    at 0x48512DC: ??? (in /usr/libexec/valgrind/vgpreload_helgrind-amd64-linux.so)
==4022371==    by 0x10EDB9: __gthread_mutex_lock(pthread_mutex_t*) (gthr-default.h:749)
==4022371==    by 0x10EF6F: std::mutex::lock() (std_mutex.h:113)
==4022371==    by 0x10F76B: std::lock_guard<std::mutex>::lock_guard(std::mutex&) (std_mutex.h:249)
==4022371==    by 0x10E951: ThreadPool::dispatcher() (thread-pool.cc:124)
==4022371==    by 0x113D25: void std::__invoke_impl<void, void (ThreadPool::*)(), ThreadPool*>(std::__invoke_memfun_deref, void (ThreadPool::*&&)(), ThreadPool*&&) (invoke.h:74)
==4022371==    by 0x113B97: std::__invoke_result<void (ThreadPool::*)(), ThreadPool*>::type std::__invoke<void (ThreadPool::*)(), ThreadPool*>(void (ThreadPool::*&&)(), ThreadPool*&&) (invoke.h:96)
==4022371==    by 0x113A8A: void std::thread::_Invoker<std::tuple<void (ThreadPool::*)(), ThreadPool*> >::_M_invoke<0ul, 1ul>(std::_Index_tuple<0ul, 1ul>) (std_thread.h:292)
==4022371==    by 0x1139FF: std::thread::_Invoker<std::tuple<void (ThreadPool::*)(), ThreadPool*> >::operator()() (std_thread.h:299)
==4022371==    by 0x11399D: std::thread::_State_impl<std::thread::_Invoker<std::tuple<void (ThreadPool::*)(), ThreadPool*> > >::_M_run() (std_thread.h:244)
==4022371==    by 0x4956DB3: ??? (in /usr/lib/x86_64-linux-gnu/libstdc++.so.6.0.33)
==4022371==    by 0x4854B7A: ??? (in /usr/libexec/valgrind/vgpreload_helgrind-amd64-linux.so)
==4022371== 
==4022371==  followed by a later acquisition of lock at 0x4E288C8
==4022371==    at 0x48512DC: ??? (in /usr/libexec/valgrind/vgpreload_helgrind-amd64-linux.so)
==4022371==    by 0x10EDB9: __gthread_mutex_lock(pthread_mutex_t*) (gthr-default.h:749)
==4022371==    by 0x10EF6F: std::mutex::lock() (std_mutex.h:113)
==4022371==    by 0x10F76B: std::lock_guard<std::mutex>::lock_guard(std::mutex&) (std_mutex.h:249)
==4022371==    by 0x10E9DD: ThreadPool::dispatcher() (thread-pool.cc:126)
==4022371==    by 0x113D25: void std::__invoke_impl<void, void (ThreadPool::*)(), ThreadPool*>(std::__invoke_memfun_deref, void (ThreadPool::*&&)(), ThreadPool*&&) (invoke.h:74)
==4022371==    by 0x113B97: std::__invoke_result<void (ThreadPool::*)(), ThreadPool*>::type std::__invoke<void (ThreadPool::*)(), ThreadPool*>(void (ThreadPool::*&&)(), ThreadPool*&&) (invoke.h:96)
==4022371==    by 0x113A8A: void std::thread::_Invoker<std::tuple<void (ThreadPool::*)(), ThreadPool*> >::_M_invoke<0ul, 1ul>(std::_Index_tuple<0ul, 1ul>) (std_thread.h:292)
==4022371==    by 0x1139FF: std::thread::_Invoker<std::tuple<void (ThreadPool::*)(), ThreadPool*> >::operator()() (std_thread.h:299)
==4022371==    by 0x11399D: std::thread::_State_impl<std::thread::_Invoker<std::tuple<void (ThreadPool::*)(), ThreadPool*> > >::_M_run() (std_thread.h:244)
==4022371==    by 0x4956DB3: ??? (in /usr/lib/x86_64-linux-gnu/libstdc++.so.6.0.33)
==4022371==    by 0x4854B7A: ??? (in /usr/libexec/valgrind/vgpreload_helgrind-amd64-linux.so)
==4022371== 
==4022371==  Lock at 0x5A15C28 was first observed
==4022371==    at 0x48512DC: ??? (in /usr/libexec/valgrind/vgpreload_helgrind-amd64-linux.so)
==4022371==    by 0x10EDB9: __gthread_mutex_lock(pthread_mutex_t*) (gthr-default.h:749)
==4022371==    by 0x10EF6F: std::mutex::lock() (std_mutex.h:113)
==4022371==    by 0x1109C2: std::unique_lock<std::mutex>::lock() (unique_lock.h:141)
==4022371==    by 0x10FD78: std::unique_lock<std::mutex>::unique_lock(std::mutex&) (unique_lock.h:71)
==4022371==    by 0x10E852: ThreadPool::dispatcher() (thread-pool.cc:114)
==4022371==    by 0x113D25: void std::__invoke_impl<void, void (ThreadPool::*)(), ThreadPool*>(std::__invoke_memfun_deref, void (ThreadPool::*&&)(), ThreadPool*&&) (invoke.h:74)
==4022371==    by 0x113B97: std::__invoke_result<void (ThreadPool::*)(), ThreadPool*>::type std::__invoke<void (ThreadPool::*)(), ThreadPool*>(void (ThreadPool::*&&)(), ThreadPool*&&) (invoke.h:96)
==4022371==    by 0x113A8A: void std::thread::_Invoker<std::tuple<void (ThreadPool::*)(), ThreadPool*> >::_M_invoke<0ul, 1ul>(std::_Index_tuple<0ul, 1ul>) (std_thread.h:292)
==4022371==    by 0x1139FF: std::thread::_Invoker<std::tuple<void (ThreadPool::*)(), ThreadPool*> >::operator()() (std_thread.h:299)
==4022371==    by 0x11399D: std::thread::_State_impl<std::thread::_Invoker<std::tuple<void (ThreadPool::*)(), ThreadPool*> > >::_M_run() (std_thread.h:244)
==4022371==    by 0x4956DB3: ??? (in /usr/lib/x86_64-linux-gnu/libstdc++.so.6.0.33)
==4022371==  Address 0x5a15c28 is on thread #2's stack
==4022371==  in frame #6, created by test_deep_nested_scheduling()::{lambda()#1}::operator()() const (test_custom.cc:669)
==4022371== 
==4022371==  Lock at 0x4E288C8 was first observed
==4022371==    at 0x48512DC: ??? (in /usr/libexec/valgrind/vgpreload_helgrind-amd64-linux.so)
==4022371==    by 0x10EDB9: __gthread_mutex_lock(pthread_mutex_t*) (gthr-default.h:749)
==4022371==    by 0x10EF6F: std::mutex::lock() (std_mutex.h:113)
==4022371==    by 0x10F76B: std::lock_guard<std::mutex>::lock_guard(std::mutex&) (std_mutex.h:249)
==4022371==    by 0x10E9DD: ThreadPool::dispatcher() (thread-pool.cc:126)
==4022371==    by 0x113D25: void std::__invoke_impl<void, void (ThreadPool::*)(), ThreadPool*>(std::__invoke_memfun_deref, void (ThreadPool::*&&)(), ThreadPool*&&) (invoke.h:74)
==4022371==    by 0x113B97: std::__invoke_result<void (ThreadPool::*)(), ThreadPool*>::type std::__invoke<void (ThreadPool::*)(), ThreadPool*>(void (ThreadPool::*&&)(), ThreadPool*&&) (invoke.h:96)
==4022371==    by 0x113A8A: void std::thread::_Invoker<std::tuple<void (ThreadPool::*)(), ThreadPool*> >::_M_invoke<0ul, 1ul>(std::_Index_tuple<0ul, 1ul>) (std_thread.h:292)
==4022371==    by 0x1139FF: std::thread::_Invoker<std::tuple<void (ThreadPool::*)(), ThreadPool*> >::operator()() (std_thread.h:299)
==4022371==    by 0x11399D: std::thread::_State_impl<std::thread::_Invoker<std::tuple<void (ThreadPool::*)(), ThreadPool*> > >::_M_run() (std_thread.h:244)
==4022371==    by 0x4956DB3: ??? (in /usr/lib/x86_64-linux-gnu/libstdc++.so.6.0.33)
==4022371==    by 0x4854B7A: ??? (in /usr/libexec/valgrind/vgpreload_helgrind-amd64-linux.so)
==4022371==  Address 0x4e288c8 is 168 bytes inside a block of size 832 alloc'd
==4022371==    at 0x4849023: operator new(unsigned long) (in /usr/libexec/valgrind/vgpreload_helgrind-amd64-linux.so)
==4022371==    by 0x112D59: std::__new_allocator<worker>::allocate(unsigned long, void const*) (new_allocator.h:151)
==4022371==    by 0x111D8E: allocate (alloc_traits.h:482)
==4022371==    by 0x111D8E: std::_Vector_base<worker, std::allocator<worker> >::_M_allocate(unsigned long) (stl_vector.h:381)
==4022371==    by 0x110F94: std::_Vector_base<worker, std::allocator<worker> >::_M_create_storage(unsigned long) (stl_vector.h:398)
==4022371==    by 0x110300: std::_Vector_base<worker, std::allocator<worker> >::_Vector_base(unsigned long, std::allocator<worker> const&) (stl_vector.h:335)
==4022371==    by 0x10F8BA: std::vector<worker, std::allocator<worker> >::vector(unsigned long, std::allocator<worker> const&) (stl_vector.h:557)
==4022371==    by 0x10DC4A: ThreadPool::ThreadPool(unsigned long) (thread-pool.cc:6)
==4022371==    by 0x11814D: test_deep_nested_scheduling()::{lambda()#1}::operator()() const (test_custom.cc:671)
==4022371==    by 0x12862B: void std::__invoke_impl<void, test_deep_nested_scheduling()::{lambda()#1}>(std::__invoke_other, test_deep_nested_scheduling()::{lambda()#1}&&) (invoke.h:61)
==4022371==    by 0x1282F7: std::__invoke_result<test_deep_nested_scheduling()::{lambda()#1}>::type std::__invoke<test_deep_nested_scheduling()::{lambda()#1}>(test_deep_nested_scheduling()::{lambda()#1}&&) (invoke.h:96)
==4022371==    by 0x127FAF: void std::thread::_Invoker<std::tuple<test_deep_nested_scheduling()::{lambda()#1}> >::_M_invoke<0ul>(std::_Index_tuple<0ul>) (std_thread.h:292)
==4022371==    by 0x127DDF: std::thread::_Invoker<std::tuple<test_deep_nested_scheduling()::{lambda()#1}> >::operator()() (std_thread.h:299)
==4022371==  Block was alloc'd by thread #2
==4022371== 
==4022371== 
==4022371== ---Thread-Announcement------------------------------------------
==4022371== 
==4022371== Thread #7 was created
==4022371==    at 0x4C3FA23: clone (clone.S:76)
==4022371==    by 0x4C3FBA2: __clone_internal_fallback (clone-internal.c:64)
==4022371==    by 0x4C3FBA2: __clone_internal (clone-internal.c:109)
==4022371==    by 0x4BB254F: create_thread (pthread_create.c:297)
==4022371==    by 0x4BB31A4: pthread_create@@GLIBC_2.34 (pthread_create.c:836)
==4022371==    by 0x4854975: ??? (in /usr/libexec/valgrind/vgpreload_helgrind-amd64-linux.so)
==4022371==    by 0x4956EB0: std::thread::_M_start_thread(std::unique_ptr<std::thread::_State, std::default_delete<std::thread::_State> >, void (*)()) (in /usr/lib/x86_64-linux-gnu/libstdc++.so.6.0.33)
==4022371==    by 0x10FC46: std::thread::thread<void (ThreadPool::*)(), ThreadPool*, void>(void (ThreadPool::*&&)(), ThreadPool*&&) (std_thread.h:164)
==4022371==    by 0x10DE07: ThreadPool::ThreadPool(unsigned long) (thread-pool.cc:12)
==4022371==    by 0x11814D: test_deep_nested_scheduling()::{lambda()#1}::operator()() const (test_custom.cc:671)
==4022371==    by 0x12862B: void std::__invoke_impl<void, test_deep_nested_scheduling()::{lambda()#1}>(std::__invoke_other, test_deep_nested_scheduling()::{lambda()#1}&&) (invoke.h:61)
==4022371==    by 0x1282F7: std::__invoke_result<test_deep_nested_scheduling()::{lambda()#1}>::type std::__invoke<test_deep_nested_scheduling()::{lambda()#1}>(test_deep_nested_scheduling()::{lambda()#1}&&) (invoke.h:96)
==4022371==    by 0x127FAF: void std::thread::_Invoker<std::tuple<test_deep_nested_scheduling()::{lambda()#1}> >::_M_invoke<0ul>(std::_Index_tuple<0ul>) (std_thread.h:292)
==4022371== 
==4022371== ----------------------------------------------------------------
==4022371== 
==4022371== Thread #7: lock order "0x4E288C8 before 0x5A15C28" violated
==4022371== 
==4022371== Observed (incorrect) order is: acquisition of lock at 0x5A15C28
==4022371==    at 0x48512DC: ??? (in /usr/libexec/valgrind/vgpreload_helgrind-amd64-linux.so)
==4022371==    by 0x10EDB9: __gthread_mutex_lock(pthread_mutex_t*) (gthr-default.h:749)
==4022371==    by 0x10EF6F: std::mutex::lock() (std_mutex.h:113)
==4022371==    by 0x10F76B: std::lock_guard<std::mutex>::lock_guard(std::mutex&) (std_mutex.h:249)
==4022371==    by 0x10E951: ThreadPool::dispatcher() (thread-pool.cc:124)
==4022371==    by 0x113D25: void std::__invoke_impl<void, void (ThreadPool::*)(), ThreadPool*>(std::__invoke_memfun_deref, void (ThreadPool::*&&)(), ThreadPool*&&) (invoke.h:74)
==4022371==    by 0x113B97: std::__invoke_result<void (ThreadPool::*)(), ThreadPool*>::type std::__invoke<void (ThreadPool::*)(), ThreadPool*>(void (ThreadPool::*&&)(), ThreadPool*&&) (invoke.h:96)
==4022371==    by 0x113A8A: void std::thread::_Invoker<std::tuple<void (ThreadPool::*)(), ThreadPool*> >::_M_invoke<0ul, 1ul>(std::_Index_tuple<0ul, 1ul>) (std_thread.h:292)
==4022371==    by 0x1139FF: std::thread::_Invoker<std::tuple<void (ThreadPool::*)(), ThreadPool*> >::operator()() (std_thread.h:299)
==4022371==    by 0x11399D: std::thread::_State_impl<std::thread::_Invoker<std::tuple<void (ThreadPool::*)(), ThreadPool*> > >::_M_run() (std_thread.h:244)
==4022371==    by 0x4956DB3: ??? (in /usr/lib/x86_64-linux-gnu/libstdc++.so.6.0.33)
==4022371==    by 0x4854B7A: ??? (in /usr/libexec/valgrind/vgpreload_helgrind-amd64-linux.so)
==4022371== 
==4022371==  followed by a later acquisition of lock at 0x4E288C8
==4022371==    at 0x48512DC: ??? (in /usr/libexec/valgrind/vgpreload_helgrind-amd64-linux.so)
==4022371==    by 0x10EDB9: __gthread_mutex_lock(pthread_mutex_t*) (gthr-default.h:749)
==4022371==    by 0x10EF6F: std::mutex::lock() (std_mutex.h:113)
==4022371==    by 0x10F76B: std::lock_guard<std::mutex>::lock_guard(std::mutex&) (std_mutex.h:249)
==4022371==    by 0x10E9DD: ThreadPool::dispatcher() (thread-pool.cc:126)
==4022371==    by 0x113D25: void std::__invoke_impl<void, void (ThreadPool::*)(), ThreadPool*>(std::__invoke_memfun_deref, void (ThreadPool::*&&)(), ThreadPool*&&) (invoke.h:74)
==4022371==    by 0x113B97: std::__invoke_result<void (ThreadPool::*)(), ThreadPool*>::type std::__invoke<void (ThreadPool::*)(), ThreadPool*>(void (ThreadPool::*&&)(), ThreadPool*&&) (invoke.h:96)
==4022371==    by 0x113A8A: void std::thread::_Invoker<std::tuple<void (ThreadPool::*)(), ThreadPool*> >::_M_invoke<0ul, 1ul>(std::_Index_tuple<0ul, 1ul>) (std_thread.h:292)
==4022371==    by 0x1139FF: std::thread::_Invoker<std::tuple<void (ThreadPool::*)(), ThreadPool*> >::operator()() (std_thread.h:299)
==4022371==    by 0x11399D: std::thread::_State_impl<std::thread::_Invoker<std::tuple<void (ThreadPool::*)(), ThreadPool*> > >::_M_run() (std_thread.h:244)
==4022371==    by 0x4956DB3: ??? (in /usr/lib/x86_64-linux-gnu/libstdc++.so.6.0.33)
==4022371==    by 0x4854B7A: ??? (in /usr/libexec/valgrind/vgpreload_helgrind-amd64-linux.so)
==4022371== 
==4022371== Required order was established by acquisition of lock at 0x4E288C8
==4022371==    at 0x48512DC: ??? (in /usr/libexec/valgrind/vgpreload_helgrind-amd64-linux.so)
==4022371==    by 0x10EDB9: __gthread_mutex_lock(pthread_mutex_t*) (gthr-default.h:749)
==4022371==    by 0x10EF6F: std::mutex::lock() (std_mutex.h:113)
==4022371==    by 0x10F76B: std::lock_guard<std::mutex>::lock_guard(std::mutex&) (std_mutex.h:249)
==4022371==    by 0x10E5D2: ThreadPool::worker(int) (thread-pool.cc:88)
==4022371==    by 0x113E17: void std::__invoke_impl<void, void (ThreadPool::*)(int), ThreadPool*, unsigned long>(std::__invoke_memfun_deref, void (ThreadPool::*&&)(int), ThreadPool*&&, unsigned long&&) (invoke.h:74)
==4022371==    by 0x113C75: std::__invoke_result<void (ThreadPool::*)(int), ThreadPool*, unsigned long>::type std::__invoke<void (ThreadPool::*)(int), ThreadPool*, unsigned long>(void (ThreadPool::*&&)(int), ThreadPool*&&, unsigned long&&) (invoke.h:96)
==4022371==    by 0x113AF4: void std::thread::_Invoker<std::tuple<void (ThreadPool::*)(int), ThreadPool*, unsigned long> >::_M_invoke<0ul, 1ul, 2ul>(std::_Index_tuple<0ul, 1ul, 2ul>) (std_thread.h:292)
==4022371==    by 0x113A1F: std::thread::_Invoker<std::tuple<void (ThreadPool::*)(int), ThreadPool*, unsigned long> >::operator()() (std_thread.h:299)
==4022371==    by 0x1139C1: std::thread::_State_impl<std::thread::_Invoker<std::tuple<void (ThreadPool::*)(int), ThreadPool*, unsigned long> > >::_M_run() (std_thread.h:244)
==4022371==    by 0x4956DB3: ??? (in /usr/lib/x86_64-linux-gnu/libstdc++.so.6.0.33)
==4022371==    by 0x4854B7A: ??? (in /usr/libexec/valgrind/vgpreload_helgrind-amd64-linux.so)
==4022371== 
==4022371==  followed by a later acquisition of lock at 0x5A15C28
==4022371==    at 0x48512DC: ??? (in /usr/libexec/valgrind/vgpreload_helgrind-amd64-linux.so)
==4022371==    by 0x10EDB9: __gthread_mutex_lock(pthread_mutex_t*) (gthr-default.h:749)
==4022371==    by 0x10EF6F: std::mutex::lock() (std_mutex.h:113)
==4022371==    by 0x10F76B: std::lock_guard<std::mutex>::lock_guard(std::mutex&) (std_mutex.h:249)
==4022371==    by 0x10E018: ThreadPool::schedule(std::function<void ()> const&) (thread-pool.cc:24)
==4022371==    by 0x1180BC: test_deep_nested_scheduling()::{lambda()#1}::operator()() const::{lambda()#1}::operator()() const (test_custom.cc:675)
==4022371==    by 0x125A85: void std::__invoke_impl<void, test_deep_nested_scheduling()::{lambda()#1}::operator()() const::{lambda()#1}&>(std::__invoke_other, test_deep_nested_scheduling()::{lambda()#1}::operator()() const::{lambda()#1}&) (invoke.h:61)
==4022371==    by 0x12370A: std::enable_if<std::is_void<void>::value, void>::type std::__invoke_r<void, test_deep_nested_scheduling()::{lambda()#1}::operator()() const::{lambda()#1}&>(test_deep_nested_scheduling()::{lambda()#1}::operator()() const::{lambda()#1}&) (invoke.h:150)
==4022371==    by 0x1205F0: std::_Function_handler<void (), test_deep_nested_scheduling()::{lambda()#1}::operator()() const::{lambda()#1}>::_M_invoke(std::_Any_data const&) (std_function.h:290)
==4022371==    by 0x10FFC3: std::function<void ()>::operator()() const (std_function.h:591)
==4022371==    by 0x10E61E: ThreadPool::worker(int) (thread-pool.cc:90)
==4022371==    by 0x113E17: void std::__invoke_impl<void, void (ThreadPool::*)(int), ThreadPool*, unsigned long>(std::__invoke_memfun_deref, void (ThreadPool::*&&)(int), ThreadPool*&&, unsigned long&&) (invoke.h:74)
==4022371== 
==4022371==  Lock at 0x4E288C8 was first observed
==4022371==    at 0x48512DC: ??? (in /usr/libexec/valgrind/vgpreload_helgrind-amd64-linux.so)
==4022371==    by 0x10EDB9: __gthread_mutex_lock(pthread_mutex_t*) (gthr-default.h:749)
==4022371==    by 0x10EF6F: std::mutex::lock() (std_mutex.h:113)
==4022371==    by 0x10F76B: std::lock_guard<std::mutex>::lock_guard(std::mutex&) (std_mutex.h:249)
==4022371==    by 0x10E9DD: ThreadPool::dispatcher() (thread-pool.cc:126)
==4022371==    by 0x113D25: void std::__invoke_impl<void, void (ThreadPool::*)(), ThreadPool*>(std::__invoke_memfun_deref, void (ThreadPool::*&&)(), ThreadPool*&&) (invoke.h:74)
==4022371==    by 0x113B97: std::__invoke_result<void (ThreadPool::*)(), ThreadPool*>::type std::__invoke<void (ThreadPool::*)(), ThreadPool*>(void (ThreadPool::*&&)(), ThreadPool*&&) (invoke.h:96)
==4022371==    by 0x113A8A: void std::thread::_Invoker<std::tuple<void (ThreadPool::*)(), ThreadPool*> >::_M_invoke<0ul, 1ul>(std::_Index_tuple<0ul, 1ul>) (std_thread.h:292)
==4022371==    by 0x1139FF: std::thread::_Invoker<std::tuple<void (ThreadPool::*)(), ThreadPool*> >::operator()() (std_thread.h:299)
==4022371==    by 0x11399D: std::thread::_State_impl<std::thread::_Invoker<std::tuple<void (ThreadPool::*)(), ThreadPool*> > >::_M_run() (std_thread.h:244)
==4022371==    by 0x4956DB3: ??? (in /usr/lib/x86_64-linux-gnu/libstdc++.so.6.0.33)
==4022371==    by 0x4854B7A: ??? (in /usr/libexec/valgrind/vgpreload_helgrind-amd64-linux.so)
==4022371==  Address 0x4e288c8 is 168 bytes inside a block of size 832 alloc'd
==4022371==    at 0x4849023: operator new(unsigned long) (in /usr/libexec/valgrind/vgpreload_helgrind-amd64-linux.so)
==4022371==    by 0x112D59: std::__new_allocator<worker>::allocate(unsigned long, void const*) (new_allocator.h:151)
==4022371==    by 0x111D8E: allocate (alloc_traits.h:482)
==4022371==    by 0x111D8E: std::_Vector_base<worker, std::allocator<worker> >::_M_allocate(unsigned long) (stl_vector.h:381)
==4022371==    by 0x110F94: std::_Vector_base<worker, std::allocator<worker> >::_M_create_storage(unsigned long) (stl_vector.h:398)
==4022371==    by 0x110300: std::_Vector_base<worker, std::allocator<worker> >::_Vector_base(unsigned long, std::allocator<worker> const&) (stl_vector.h:335)
==4022371==    by 0x10F8BA: std::vector<worker, std::allocator<worker> >::vector(unsigned long, std::allocator<worker> const&) (stl_vector.h:557)
==4022371==    by 0x10DC4A: ThreadPool::ThreadPool(unsigned long) (thread-pool.cc:6)
==4022371==    by 0x11814D: test_deep_nested_scheduling()::{lambda()#1}::operator()() const (test_custom.cc:671)
==4022371==    by 0x12862B: void std::__invoke_impl<void, test_deep_nested_scheduling()::{lambda()#1}>(std::__invoke_other, test_deep_nested_scheduling()::{lambda()#1}&&) (invoke.h:61)
==4022371==    by 0x1282F7: std::__invoke_result<test_deep_nested_scheduling()::{lambda()#1}>::type std::__invoke<test_deep_nested_scheduling()::{lambda()#1}>(test_deep_nested_scheduling()::{lambda()#1}&&) (invoke.h:96)
==4022371==    by 0x127FAF: void std::thread::_Invoker<std::tuple<test_deep_nested_scheduling()::{lambda()#1}> >::_M_invoke<0ul>(std::_Index_tuple<0ul>) (std_thread.h:292)
==4022371==    by 0x127DDF: std::thread::_Invoker<std::tuple<test_deep_nested_scheduling()::{lambda()#1}> >::operator()() (std_thread.h:299)
==4022371==  Block was alloc'd by thread #2
==4022371== 
==4022371==  Lock at 0x5A15C28 was first observed
==4022371==    at 0x48512DC: ??? (in /usr/libexec/valgrind/vgpreload_helgrind-amd64-linux.so)
==4022371==    by 0x10EDB9: __gthread_mutex_lock(pthread_mutex_t*) (gthr-default.h:749)
==4022371==    by 0x10EF6F: std::mutex::lock() (std_mutex.h:113)
==4022371==    by 0x1109C2: std::unique_lock<std::mutex>::lock() (unique_lock.h:141)
==4022371==    by 0x10FD78: std::unique_lock<std::mutex>::unique_lock(std::mutex&) (unique_lock.h:71)
==4022371==    by 0x10E852: ThreadPool::dispatcher() (thread-pool.cc:114)
==4022371==    by 0x113D25: void std::__invoke_impl<void, void (ThreadPool::*)(), ThreadPool*>(std::__invoke_memfun_deref, void (ThreadPool::*&&)(), ThreadPool*&&) (invoke.h:74)
==4022371==    by 0x113B97: std::__invoke_result<void (ThreadPool::*)(), ThreadPool*>::type std::__invoke<void (ThreadPool::*)(), ThreadPool*>(void (ThreadPool::*&&)(), ThreadPool*&&) (invoke.h:96)
==4022371==    by 0x113A8A: void std::thread::_Invoker<std::tuple<void (ThreadPool::*)(), ThreadPool*> >::_M_invoke<0ul, 1ul>(std::_Index_tuple<0ul, 1ul>) (std_thread.h:292)
==4022371==    by 0x1139FF: std::thread::_Invoker<std::tuple<void (ThreadPool::*)(), ThreadPool*> >::operator()() (std_thread.h:299)
==4022371==    by 0x11399D: std::thread::_State_impl<std::thread::_Invoker<std::tuple<void (ThreadPool::*)(), ThreadPool*> > >::_M_run() (std_thread.h:244)
==4022371==    by 0x4956DB3: ??? (in /usr/lib/x86_64-linux-gnu/libstdc++.so.6.0.33)
==4022371==  Address 0x5a15c28 is on thread #2's stack
==4022371==  in frame #6, created by test_deep_nested_scheduling()::{lambda()#1}::operator()() const (test_custom.cc:669)
==4022371== 
==4022371== 
==4022371== 
==4022371== Use --history-level=approx or =none to gain increased speed, at
==4022371== the cost of reduced accuracy of conflicting-access information
==4022371== For lists of detected and suppressed errors, rerun with: -s
==4022371== ERROR SUMMARY: 7 errors from 2 contexts (suppressed: 349 from 27)
[1;32m✅ PASSED[0m
[96m[N02][0m Extreme nested scheduling (1000)... ==4022378== ---Thread-Announcement------------------------------------------
==4022378== 
==4022378== Thread #3 was created
==4022378==    at 0x4C3FA23: clone (clone.S:76)
==4022378==    by 0x4C3FBA2: __clone_internal_fallback (clone-internal.c:64)
==4022378==    by 0x4C3FBA2: __clone_internal (clone-internal.c:109)
==4022378==    by 0x4BB254F: create_thread (pthread_create.c:297)
==4022378==    by 0x4BB31A4: pthread_create@@GLIBC_2.34 (pthread_create.c:836)
==4022378==    by 0x4854975: ??? (in /usr/libexec/valgrind/vgpreload_helgrind-amd64-linux.so)
==4022378==    by 0x4956EB0: std::thread::_M_start_thread(std::unique_ptr<std::thread::_State, std::default_delete<std::thread::_State> >, void (*)()) (in /usr/lib/x86_64-linux-gnu/libstdc++.so.6.0.33)
==4022378==    by 0x10FB2A: std::thread::thread<void (ThreadPool::*)(int), ThreadPool*, unsigned long&, void>(void (ThreadPool::*&&)(int), ThreadPool*&&, unsigned long&) (std_thread.h:164)
==4022378==    by 0x10DD86: ThreadPool::ThreadPool(unsigned long) (thread-pool.cc:10)
==4022378==    by 0x11850D: test_extreme_nested_scheduling()::{lambda()#1}::operator()() const (test_custom.cc:702)
==4022378==    by 0x1285EE: void std::__invoke_impl<void, test_extreme_nested_scheduling()::{lambda()#1}>(std::__invoke_other, test_extreme_nested_scheduling()::{lambda()#1}&&) (invoke.h:61)
==4022378==    by 0x1282A4: std::__invoke_result<test_extreme_nested_scheduling()::{lambda()#1}>::type std::__invoke<test_extreme_nested_scheduling()::{lambda()#1}>(test_extreme_nested_scheduling()::{lambda()#1}&&) (invoke.h:96)
==4022378==    by 0x127F83: void std::thread::_Invoker<std::tuple<test_extreme_nested_scheduling()::{lambda()#1}> >::_M_invoke<0ul>(std::_Index_tuple<0ul>) (std_thread.h:292)
==4022378== 
==4022378== ----------------------------------------------------------------
==4022378== 
==4022378== Thread #3: lock order "0x5A15C28 before 0x4E288D8" violated
==4022378== 
==4022378== Observed (incorrect) order is: acquisition of lock at 0x4E288D8
==4022378==    at 0x48512DC: ??? (in /usr/libexec/valgrind/vgpreload_helgrind-amd64-linux.so)
==4022378==    by 0x10EDB9: __gthread_mutex_lock(pthread_mutex_t*) (gthr-default.h:749)
==4022378==    by 0x10EF6F: std::mutex::lock() (std_mutex.h:113)
==4022378==    by 0x10F76B: std::lock_guard<std::mutex>::lock_guard(std::mutex&) (std_mutex.h:249)
==4022378==    by 0x10E5D2: ThreadPool::worker(int) (thread-pool.cc:88)
==4022378==    by 0x113E17: void std::__invoke_impl<void, void (ThreadPool::*)(int), ThreadPool*, unsigned long>(std::__invoke_memfun_deref, void (ThreadPool::*&&)(int), ThreadPool*&&, unsigned long&&) (invoke.h:74)
==4022378==    by 0x113C75: std::__invoke_result<void (ThreadPool::*)(int), ThreadPool*, unsigned long>::type std::__invoke<void (ThreadPool::*)(int), ThreadPool*, unsigned long>(void (ThreadPool::*&&)(int), ThreadPool*&&, unsigned long&&) (invoke.h:96)
==4022378==    by 0x113AF4: void std::thread::_Invoker<std::tuple<void (ThreadPool::*)(int), ThreadPool*, unsigned long> >::_M_invoke<0ul, 1ul, 2ul>(std::_Index_tuple<0ul, 1ul, 2ul>) (std_thread.h:292)
==4022378==    by 0x113A1F: std::thread::_Invoker<std::tuple<void (ThreadPool::*)(int), ThreadPool*, unsigned long> >::operator()() (std_thread.h:299)
==4022378==    by 0x1139C1: std::thread::_State_impl<std::thread::_Invoker<std::tuple<void (ThreadPool::*)(int), ThreadPool*, unsigned long> > >::_M_run() (std_thread.h:244)
==4022378==    by 0x4956DB3: ??? (in /usr/lib/x86_64-linux-gnu/libstdc++.so.6.0.33)
==4022378==    by 0x4854B7A: ??? (in /usr/libexec/valgrind/vgpreload_helgrind-amd64-linux.so)
==4022378== 
==4022378==  followed by a later acquisition of lock at 0x5A15C28
==4022378==    at 0x48512DC: ??? (in /usr/libexec/valgrind/vgpreload_helgrind-amd64-linux.so)
==4022378==    by 0x10EDB9: __gthread_mutex_lock(pthread_mutex_t*) (gthr-default.h:749)
==4022378==    by 0x10EF6F: std::mutex::lock() (std_mutex.h:113)
==4022378==    by 0x10F76B: std::lock_guard<std::mutex>::lock_guard(std::mutex&) (std_mutex.h:249)
==4022378==    by 0x10E018: ThreadPool::schedule(std::function<void ()> const&) (thread-pool.cc:24)
==4022378==    by 0x11847C: test_extreme_nested_scheduling()::{lambda()#1}::operator()() const::{lambda(int)#1}::operator()(int) const (test_custom.cc:710)
==4022378==    by 0x125C0F: void std::__invoke_impl<void, test_extreme_nested_scheduling()::{lambda()#1}::operator()() const::{lambda(int)#1}&, int>(std::__invoke_other, test_extreme_nested_scheduling()::{lambda()#1}::operator()() const::{lambda(int)#1}&, int&&) (invoke.h:61)
==4022378==    by 0x123A12: std::enable_if<std::is_void<void>::value, void>::type std::__invoke_r<void, test_extreme_nested_scheduling()::{lambda()#1}::operator()() const::{lambda(int)#1}&, int>(test_extreme_nested_scheduling()::{lambda()#1}::operator()() const::{lambda(int)#1}&, int&&) (invoke.h:150)
==4022378==    by 0x12086E: std::_Function_handler<void (int), test_extreme_nested_scheduling()::{lambda()#1}::operator()() const::{lambda(int)#1}>::_M_invoke(std::_Any_data const&, int&&) (std_function.h:290)
==4022378==    by 0x12B261: std::function<void (int)>::operator()(int) const (std_function.h:591)
==4022378==    by 0x1183F2: test_extreme_nested_scheduling()::{lambda()#1}::operator()() const::{lambda(int)#1}::operator()(int) const::{lambda()#1}::operator()() const (test_custom.cc:711)
==4022378==    by 0x125B5F: void std::__invoke_impl<void, test_extreme_nested_scheduling()::{lambda()#1}::operator()() const::{lambda(int)#1}::operator()(int) const::{lambda()#1}&>(std::__invoke_other, test_extreme_nested_scheduling()::{lambda()#1}::operator()() const::{lambda(int)#1}::operator()(int) const::{lambda()#1}&) (invoke.h:61)
==4022378== 
==4022378== Required order was established by acquisition of lock at 0x5A15C28
==4022378==    at 0x48512DC: ??? (in /usr/libexec/valgrind/vgpreload_helgrind-amd64-linux.so)
==4022378==    by 0x10EDB9: __gthread_mutex_lock(pthread_mutex_t*) (gthr-default.h:749)
==4022378==    by 0x10EF6F: std::mutex::lock() (std_mutex.h:113)
==4022378==    by 0x10F76B: std::lock_guard<std::mutex>::lock_guard(std::mutex&) (std_mutex.h:249)
==4022378==    by 0x10E951: ThreadPool::dispatcher() (thread-pool.cc:124)
==4022378==    by 0x113D25: void std::__invoke_impl<void, void (ThreadPool::*)(), ThreadPool*>(std::__invoke_memfun_deref, void (ThreadPool::*&&)(), ThreadPool*&&) (invoke.h:74)
==4022378==    by 0x113B97: std::__invoke_result<void (ThreadPool::*)(), ThreadPool*>::type std::__invoke<void (ThreadPool::*)(), ThreadPool*>(void (ThreadPool::*&&)(), ThreadPool*&&) (invoke.h:96)
==4022378==    by 0x113A8A: void std::thread::_Invoker<std::tuple<void (ThreadPool::*)(), ThreadPool*> >::_M_invoke<0ul, 1ul>(std::_Index_tuple<0ul, 1ul>) (std_thread.h:292)
==4022378==    by 0x1139FF: std::thread::_Invoker<std::tuple<void (ThreadPool::*)(), ThreadPool*> >::operator()() (std_thread.h:299)
==4022378==    by 0x11399D: std::thread::_State_impl<std::thread::_Invoker<std::tuple<void (ThreadPool::*)(), ThreadPool*> > >::_M_run() (std_thread.h:244)
==4022378==    by 0x4956DB3: ??? (in /usr/lib/x86_64-linux-gnu/libstdc++.so.6.0.33)
==4022378==    by 0x4854B7A: ??? (in /usr/libexec/valgrind/vgpreload_helgrind-amd64-linux.so)
==4022378== 
==4022378==  followed by a later acquisition of lock at 0x4E288D8
==4022378==    at 0x48512DC: ??? (in /usr/libexec/valgrind/vgpreload_helgrind-amd64-linux.so)
==4022378==    by 0x10EDB9: __gthread_mutex_lock(pthread_mutex_t*) (gthr-default.h:749)
==4022378==    by 0x10EF6F: std::mutex::lock() (std_mutex.h:113)
==4022378==    by 0x10F76B: std::lock_guard<std::mutex>::lock_guard(std::mutex&) (std_mutex.h:249)
==4022378==    by 0x10E9DD: ThreadPool::dispatcher() (thread-pool.cc:126)
==4022378==    by 0x113D25: void std::__invoke_impl<void, void (ThreadPool::*)(), ThreadPool*>(std::__invoke_memfun_deref, void (ThreadPool::*&&)(), ThreadPool*&&) (invoke.h:74)
==4022378==    by 0x113B97: std::__invoke_result<void (ThreadPool::*)(), ThreadPool*>::type std::__invoke<void (ThreadPool::*)(), ThreadPool*>(void (ThreadPool::*&&)(), ThreadPool*&&) (invoke.h:96)
==4022378==    by 0x113A8A: void std::thread::_Invoker<std::tuple<void (ThreadPool::*)(), ThreadPool*> >::_M_invoke<0ul, 1ul>(std::_Index_tuple<0ul, 1ul>) (std_thread.h:292)
==4022378==    by 0x1139FF: std::thread::_Invoker<std::tuple<void (ThreadPool::*)(), ThreadPool*> >::operator()() (std_thread.h:299)
==4022378==    by 0x11399D: std::thread::_State_impl<std::thread::_Invoker<std::tuple<void (ThreadPool::*)(), ThreadPool*> > >::_M_run() (std_thread.h:244)
==4022378==    by 0x4956DB3: ??? (in /usr/lib/x86_64-linux-gnu/libstdc++.so.6.0.33)
==4022378==    by 0x4854B7A: ??? (in /usr/libexec/valgrind/vgpreload_helgrind-amd64-linux.so)
==4022378== 
==4022378==  Lock at 0x5A15C28 was first observed
==4022378==    at 0x48512DC: ??? (in /usr/libexec/valgrind/vgpreload_helgrind-amd64-linux.so)
==4022378==    by 0x10EDB9: __gthread_mutex_lock(pthread_mutex_t*) (gthr-default.h:749)
==4022378==    by 0x10EF6F: std::mutex::lock() (std_mutex.h:113)
==4022378==    by 0x1109C2: std::unique_lock<std::mutex>::lock() (unique_lock.h:141)
==4022378==    by 0x10FD78: std::unique_lock<std::mutex>::unique_lock(std::mutex&) (unique_lock.h:71)
==4022378==    by 0x10E852: ThreadPool::dispatcher() (thread-pool.cc:114)
==4022378==    by 0x113D25: void std::__invoke_impl<void, void (ThreadPool::*)(), ThreadPool*>(std::__invoke_memfun_deref, void (ThreadPool::*&&)(), ThreadPool*&&) (invoke.h:74)
==4022378==    by 0x113B97: std::__invoke_result<void (ThreadPool::*)(), ThreadPool*>::type std::__invoke<void (ThreadPool::*)(), ThreadPool*>(void (ThreadPool::*&&)(), ThreadPool*&&) (invoke.h:96)
==4022378==    by 0x113A8A: void std::thread::_Invoker<std::tuple<void (ThreadPool::*)(), ThreadPool*> >::_M_invoke<0ul, 1ul>(std::_Index_tuple<0ul, 1ul>) (std_thread.h:292)
==4022378==    by 0x1139FF: std::thread::_Invoker<std::tuple<void (ThreadPool::*)(), ThreadPool*> >::operator()() (std_thread.h:299)
==4022378==    by 0x11399D: std::thread::_State_impl<std::thread::_Invoker<std::tuple<void (ThreadPool::*)(), ThreadPool*> > >::_M_run() (std_thread.h:244)
==4022378==    by 0x4956DB3: ??? (in /usr/lib/x86_64-linux-gnu/libstdc++.so.6.0.33)
==4022378==  Address 0x5a15c28 is on thread #2's stack
==4022378==  in frame #6, created by test_extreme_nested_scheduling()::{lambda()#1}::operator()() const (test_custom.cc:700)
==4022378== 
==4022378==  Lock at 0x4E288D8 was first observed
==4022378==    at 0x48512DC: ??? (in /usr/libexec/valgrind/vgpreload_helgrind-amd64-linux.so)
==4022378==    by 0x10EDB9: __gthread_mutex_lock(pthread_mutex_t*) (gthr-default.h:749)
==4022378==    by 0x10EF6F: std::mutex::lock() (std_mutex.h:113)
==4022378==    by 0x10F76B: std::lock_guard<std::mutex>::lock_guard(std::mutex&) (std_mutex.h:249)
==4022378==    by 0x10E9DD: ThreadPool::dispatcher() (thread-pool.cc:126)
==4022378==    by 0x113D25: void std::__invoke_impl<void, void (ThreadPool::*)(), ThreadPool*>(std::__invoke_memfun_deref, void (ThreadPool::*&&)(), ThreadPool*&&) (invoke.h:74)
==4022378==    by 0x113B97: std::__invoke_result<void (ThreadPool::*)(), ThreadPool*>::type std::__invoke<void (ThreadPool::*)(), ThreadPool*>(void (ThreadPool::*&&)(), ThreadPool*&&) (invoke.h:96)
==4022378==    by 0x113A8A: void std::thread::_Invoker<std::tuple<void (ThreadPool::*)(), ThreadPool*> >::_M_invoke<0ul, 1ul>(std::_Index_tuple<0ul, 1ul>) (std_thread.h:292)
==4022378==    by 0x1139FF: std::thread::_Invoker<std::tuple<void (ThreadPool::*)(), ThreadPool*> >::operator()() (std_thread.h:299)
==4022378==    by 0x11399D: std::thread::_State_impl<std::thread::_Invoker<std::tuple<void (ThreadPool::*)(), ThreadPool*> > >::_M_run() (std_thread.h:244)
==4022378==    by 0x4956DB3: ??? (in /usr/lib/x86_64-linux-gnu/libstdc++.so.6.0.33)
==4022378==    by 0x4854B7A: ??? (in /usr/libexec/valgrind/vgpreload_helgrind-amd64-linux.so)
==4022378==  Address 0x4e288d8 is 168 bytes inside a block of size 832 alloc'd
==4022378==    at 0x4849023: operator new(unsigned long) (in /usr/libexec/valgrind/vgpreload_helgrind-amd64-linux.so)
==4022378==    by 0x112D59: std::__new_allocator<worker>::allocate(unsigned long, void const*) (new_allocator.h:151)
==4022378==    by 0x111D8E: allocate (alloc_traits.h:482)
==4022378==    by 0x111D8E: std::_Vector_base<worker, std::allocator<worker> >::_M_allocate(unsigned long) (stl_vector.h:381)
==4022378==    by 0x110F94: std::_Vector_base<worker, std::allocator<worker> >::_M_create_storage(unsigned long) (stl_vector.h:398)
==4022378==    by 0x110300: std::_Vector_base<worker, std::allocator<worker> >::_Vector_base(unsigned long, std::allocator<worker> const&) (stl_vector.h:335)
==4022378==    by 0x10F8BA: std::vector<worker, std::allocator<worker> >::vector(unsigned long, std::allocator<worker> const&) (stl_vector.h:557)
==4022378==    by 0x10DC4A: ThreadPool::ThreadPool(unsigned long) (thread-pool.cc:6)
==4022378==    by 0x11850D: test_extreme_nested_scheduling()::{lambda()#1}::operator()() const (test_custom.cc:702)
==4022378==    by 0x1285EE: void std::__invoke_impl<void, test_extreme_nested_scheduling()::{lambda()#1}>(std::__invoke_other, test_extreme_nested_scheduling()::{lambda()#1}&&) (invoke.h:61)
==4022378==    by 0x1282A4: std::__invoke_result<test_extreme_nested_scheduling()::{lambda()#1}>::type std::__invoke<test_extreme_nested_scheduling()::{lambda()#1}>(test_extreme_nested_scheduling()::{lambda()#1}&&) (invoke.h:96)
==4022378==    by 0x127F83: void std::thread::_Invoker<std::tuple<test_extreme_nested_scheduling()::{lambda()#1}> >::_M_invoke<0ul>(std::_Index_tuple<0ul>) (std_thread.h:292)
==4022378==    by 0x127DC3: std::thread::_Invoker<std::tuple<test_extreme_nested_scheduling()::{lambda()#1}> >::operator()() (std_thread.h:299)
==4022378==  Block was alloc'd by thread #2
==4022378== 
==4022378== 
==4022378== ---Thread-Announcement------------------------------------------
==4022378== 
==4022378== Thread #7 was created
==4022378==    at 0x4C3FA23: clone (clone.S:76)
==4022378==    by 0x4C3FBA2: __clone_internal_fallback (clone-internal.c:64)
==4022378==    by 0x4C3FBA2: __clone_internal (clone-internal.c:109)
==4022378==    by 0x4BB254F: create_thread (pthread_create.c:297)
==4022378==    by 0x4BB31A4: pthread_create@@GLIBC_2.34 (pthread_create.c:836)
==4022378==    by 0x4854975: ??? (in /usr/libexec/valgrind/vgpreload_helgrind-amd64-linux.so)
==4022378==    by 0x4956EB0: std::thread::_M_start_thread(std::unique_ptr<std::thread::_State, std::default_delete<std::thread::_State> >, void (*)()) (in /usr/lib/x86_64-linux-gnu/libstdc++.so.6.0.33)
==4022378==    by 0x10FC46: std::thread::thread<void (ThreadPool::*)(), ThreadPool*, void>(void (ThreadPool::*&&)(), ThreadPool*&&) (std_thread.h:164)
==4022378==    by 0x10DE07: ThreadPool::ThreadPool(unsigned long) (thread-pool.cc:12)
==4022378==    by 0x11850D: test_extreme_nested_scheduling()::{lambda()#1}::operator()() const (test_custom.cc:702)
==4022378==    by 0x1285EE: void std::__invoke_impl<void, test_extreme_nested_scheduling()::{lambda()#1}>(std::__invoke_other, test_extreme_nested_scheduling()::{lambda()#1}&&) (invoke.h:61)
==4022378==    by 0x1282A4: std::__invoke_result<test_extreme_nested_scheduling()::{lambda()#1}>::type std::__invoke<test_extreme_nested_scheduling()::{lambda()#1}>(test_extreme_nested_scheduling()::{lambda()#1}&&) (invoke.h:96)
==4022378==    by 0x127F83: void std::thread::_Invoker<std::tuple<test_extreme_nested_scheduling()::{lambda()#1}> >::_M_invoke<0ul>(std::_Index_tuple<0ul>) (std_thread.h:292)
==4022378== 
==4022378== ----------------------------------------------------------------
==4022378== 
==4022378== Thread #7: lock order "0x4E288D8 before 0x5A15C28" violated
==4022378== 
==4022378== Observed (incorrect) order is: acquisition of lock at 0x5A15C28
==4022378==    at 0x48512DC: ??? (in /usr/libexec/valgrind/vgpreload_helgrind-amd64-linux.so)
==4022378==    by 0x10EDB9: __gthread_mutex_lock(pthread_mutex_t*) (gthr-default.h:749)
==4022378==    by 0x10EF6F: std::mutex::lock() (std_mutex.h:113)
==4022378==    by 0x10F76B: std::lock_guard<std::mutex>::lock_guard(std::mutex&) (std_mutex.h:249)
==4022378==    by 0x10E951: ThreadPool::dispatcher() (thread-pool.cc:124)
==4022378==    by 0x113D25: void std::__invoke_impl<void, void (ThreadPool::*)(), ThreadPool*>(std::__invoke_memfun_deref, void (ThreadPool::*&&)(), ThreadPool*&&) (invoke.h:74)
==4022378==    by 0x113B97: std::__invoke_result<void (ThreadPool::*)(), ThreadPool*>::type std::__invoke<void (ThreadPool::*)(), ThreadPool*>(void (ThreadPool::*&&)(), ThreadPool*&&) (invoke.h:96)
==4022378==    by 0x113A8A: void std::thread::_Invoker<std::tuple<void (ThreadPool::*)(), ThreadPool*> >::_M_invoke<0ul, 1ul>(std::_Index_tuple<0ul, 1ul>) (std_thread.h:292)
==4022378==    by 0x1139FF: std::thread::_Invoker<std::tuple<void (ThreadPool::*)(), ThreadPool*> >::operator()() (std_thread.h:299)
==4022378==    by 0x11399D: std::thread::_State_impl<std::thread::_Invoker<std::tuple<void (ThreadPool::*)(), ThreadPool*> > >::_M_run() (std_thread.h:244)
==4022378==    by 0x4956DB3: ??? (in /usr/lib/x86_64-linux-gnu/libstdc++.so.6.0.33)
==4022378==    by 0x4854B7A: ??? (in /usr/libexec/valgrind/vgpreload_helgrind-amd64-linux.so)
==4022378== 
==4022378==  followed by a later acquisition of lock at 0x4E288D8
==4022378==    at 0x48512DC: ??? (in /usr/libexec/valgrind/vgpreload_helgrind-amd64-linux.so)
==4022378==    by 0x10EDB9: __gthread_mutex_lock(pthread_mutex_t*) (gthr-default.h:749)
==4022378==    by 0x10EF6F: std::mutex::lock() (std_mutex.h:113)
==4022378==    by 0x10F76B: std::lock_guard<std::mutex>::lock_guard(std::mutex&) (std_mutex.h:249)
==4022378==    by 0x10E9DD: ThreadPool::dispatcher() (thread-pool.cc:126)
==4022378==    by 0x113D25: void std::__invoke_impl<void, void (ThreadPool::*)(), ThreadPool*>(std::__invoke_memfun_deref, void (ThreadPool::*&&)(), ThreadPool*&&) (invoke.h:74)
==4022378==    by 0x113B97: std::__invoke_result<void (ThreadPool::*)(), ThreadPool*>::type std::__invoke<void (ThreadPool::*)(), ThreadPool*>(void (ThreadPool::*&&)(), ThreadPool*&&) (invoke.h:96)
==4022378==    by 0x113A8A: void std::thread::_Invoker<std::tuple<void (ThreadPool::*)(), ThreadPool*> >::_M_invoke<0ul, 1ul>(std::_Index_tuple<0ul, 1ul>) (std_thread.h:292)
==4022378==    by 0x1139FF: std::thread::_Invoker<std::tuple<void (ThreadPool::*)(), ThreadPool*> >::operator()() (std_thread.h:299)
==4022378==    by 0x11399D: std::thread::_State_impl<std::thread::_Invoker<std::tuple<void (ThreadPool::*)(), ThreadPool*> > >::_M_run() (std_thread.h:244)
==4022378==    by 0x4956DB3: ??? (in /usr/lib/x86_64-linux-gnu/libstdc++.so.6.0.33)
==4022378==    by 0x4854B7A: ??? (in /usr/libexec/valgrind/vgpreload_helgrind-amd64-linux.so)
==4022378== 
==4022378== Required order was established by acquisition of lock at 0x4E288D8
==4022378==    at 0x48512DC: ??? (in /usr/libexec/valgrind/vgpreload_helgrind-amd64-linux.so)
==4022378==    by 0x10EDB9: __gthread_mutex_lock(pthread_mutex_t*) (gthr-default.h:749)
==4022378==    by 0x10EF6F: std::mutex::lock() (std_mutex.h:113)
==4022378==    by 0x10F76B: std::lock_guard<std::mutex>::lock_guard(std::mutex&) (std_mutex.h:249)
==4022378==    by 0x10E5D2: ThreadPool::worker(int) (thread-pool.cc:88)
==4022378==    by 0x113E17: void std::__invoke_impl<void, void (ThreadPool::*)(int), ThreadPool*, unsigned long>(std::__invoke_memfun_deref, void (ThreadPool::*&&)(int), ThreadPool*&&, unsigned long&&) (invoke.h:74)
==4022378==    by 0x113C75: std::__invoke_result<void (ThreadPool::*)(int), ThreadPool*, unsigned long>::type std::__invoke<void (ThreadPool::*)(int), ThreadPool*, unsigned long>(void (ThreadPool::*&&)(int), ThreadPool*&&, unsigned long&&) (invoke.h:96)
==4022378==    by 0x113AF4: void std::thread::_Invoker<std::tuple<void (ThreadPool::*)(int), ThreadPool*, unsigned long> >::_M_invoke<0ul, 1ul, 2ul>(std::_Index_tuple<0ul, 1ul, 2ul>) (std_thread.h:292)
==4022378==    by 0x113A1F: std::thread::_Invoker<std::tuple<void (ThreadPool::*)(int), ThreadPool*, unsigned long> >::operator()() (std_thread.h:299)
==4022378==    by 0x1139C1: std::thread::_State_impl<std::thread::_Invoker<std::tuple<void (ThreadPool::*)(int), ThreadPool*, unsigned long> > >::_M_run() (std_thread.h:244)
==4022378==    by 0x4956DB3: ??? (in /usr/lib/x86_64-linux-gnu/libstdc++.so.6.0.33)
==4022378==    by 0x4854B7A: ??? (in /usr/libexec/valgrind/vgpreload_helgrind-amd64-linux.so)
==4022378== 
==4022378==  followed by a later acquisition of lock at 0x5A15C28
==4022378==    at 0x48512DC: ??? (in /usr/libexec/valgrind/vgpreload_helgrind-amd64-linux.so)
==4022378==    by 0x10EDB9: __gthread_mutex_lock(pthread_mutex_t*) (gthr-default.h:749)
==4022378==    by 0x10EF6F: std::mutex::lock() (std_mutex.h:113)
==4022378==    by 0x10F76B: std::lock_guard<std::mutex>::lock_guard(std::mutex&) (std_mutex.h:249)
==4022378==    by 0x10E018: ThreadPool::schedule(std::function<void ()> const&) (thread-pool.cc:24)
==4022378==    by 0x11847C: test_extreme_nested_scheduling()::{lambda()#1}::operator()() const::{lambda(int)#1}::operator()(int) const (test_custom.cc:710)
==4022378==    by 0x125C0F: void std::__invoke_impl<void, test_extreme_nested_scheduling()::{lambda()#1}::operator()() const::{lambda(int)#1}&, int>(std::__invoke_other, test_extreme_nested_scheduling()::{lambda()#1}::operator()() const::{lambda(int)#1}&, int&&) (invoke.h:61)
==4022378==    by 0x123A12: std::enable_if<std::is_void<void>::value, void>::type std::__invoke_r<void, test_extreme_nested_scheduling()::{lambda()#1}::operator()() const::{lambda(int)#1}&, int>(test_extreme_nested_scheduling()::{lambda()#1}::operator()() const::{lambda(int)#1}&, int&&) (invoke.h:150)
==4022378==    by 0x12086E: std::_Function_handler<void (int), test_extreme_nested_scheduling()::{lambda()#1}::operator()() const::{lambda(int)#1}>::_M_invoke(std::_Any_data const&, int&&) (std_function.h:290)
==4022378==    by 0x12B261: std::function<void (int)>::operator()(int) const (std_function.h:591)
==4022378==    by 0x1183F2: test_extreme_nested_scheduling()::{lambda()#1}::operator()() const::{lambda(int)#1}::operator()(int) const::{lambda()#1}::operator()() const (test_custom.cc:711)
==4022378==    by 0x125B5F: void std::__invoke_impl<void, test_extreme_nested_scheduling()::{lambda()#1}::operator()() const::{lambda(int)#1}::operator()(int) const::{lambda()#1}&>(std::__invoke_other, test_extreme_nested_scheduling()::{lambda()#1}::operator()() const::{lambda(int)#1}::operator()(int) const::{lambda()#1}&) (invoke.h:61)
==4022378== 
==4022378==  Lock at 0x4E288D8 was first observed
==4022378==    at 0x48512DC: ??? (in /usr/libexec/valgrind/vgpreload_helgrind-amd64-linux.so)
==4022378==    by 0x10EDB9: __gthread_mutex_lock(pthread_mutex_t*) (gthr-default.h:749)
==4022378==    by 0x10EF6F: std::mutex::lock() (std_mutex.h:113)
==4022378==    by 0x10F76B: std::lock_guard<std::mutex>::lock_guard(std::mutex&) (std_mutex.h:249)
==4022378==    by 0x10E9DD: ThreadPool::dispatcher() (thread-pool.cc:126)
==4022378==    by 0x113D25: void std::__invoke_impl<void, void (ThreadPool::*)(), ThreadPool*>(std::__invoke_memfun_deref, void (ThreadPool::*&&)(), ThreadPool*&&) (invoke.h:74)
==4022378==    by 0x113B97: std::__invoke_result<void (ThreadPool::*)(), ThreadPool*>::type std::__invoke<void (ThreadPool::*)(), ThreadPool*>(void (ThreadPool::*&&)(), ThreadPool*&&) (invoke.h:96)
==4022378==    by 0x113A8A: void std::thread::_Invoker<std::tuple<void (ThreadPool::*)(), ThreadPool*> >::_M_invoke<0ul, 1ul>(std::_Index_tuple<0ul, 1ul>) (std_thread.h:292)
==4022378==    by 0x1139FF: std::thread::_Invoker<std::tuple<void (ThreadPool::*)(), ThreadPool*> >::operator()() (std_thread.h:299)
==4022378==    by 0x11399D: std::thread::_State_impl<std::thread::_Invoker<std::tuple<void (ThreadPool::*)(), ThreadPool*> > >::_M_run() (std_thread.h:244)
==4022378==    by 0x4956DB3: ??? (in /usr/lib/x86_64-linux-gnu/libstdc++.so.6.0.33)
==4022378==    by 0x4854B7A: ??? (in /usr/libexec/valgrind/vgpreload_helgrind-amd64-linux.so)
==4022378==  Address 0x4e288d8 is 168 bytes inside a block of size 832 alloc'd
==4022378==    at 0x4849023: operator new(unsigned long) (in /usr/libexec/valgrind/vgpreload_helgrind-amd64-linux.so)
==4022378==    by 0x112D59: std::__new_allocator<worker>::allocate(unsigned long, void const*) (new_allocator.h:151)
==4022378==    by 0x111D8E: allocate (alloc_traits.h:482)
==4022378==    by 0x111D8E: std::_Vector_base<worker, std::allocator<worker> >::_M_allocate(unsigned long) (stl_vector.h:381)
==4022378==    by 0x110F94: std::_Vector_base<worker, std::allocator<worker> >::_M_create_storage(unsigned long) (stl_vector.h:398)
==4022378==    by 0x110300: std::_Vector_base<worker, std::allocator<worker> >::_Vector_base(unsigned long, std::allocator<worker> const&) (stl_vector.h:335)
==4022378==    by 0x10F8BA: std::vector<worker, std::allocator<worker> >::vector(unsigned long, std::allocator<worker> const&) (stl_vector.h:557)
==4022378==    by 0x10DC4A: ThreadPool::ThreadPool(unsigned long) (thread-pool.cc:6)
==4022378==    by 0x11850D: test_extreme_nested_scheduling()::{lambda()#1}::operator()() const (test_custom.cc:702)
==4022378==    by 0x1285EE: void std::__invoke_impl<void, test_extreme_nested_scheduling()::{lambda()#1}>(std::__invoke_other, test_extreme_nested_scheduling()::{lambda()#1}&&) (invoke.h:61)
==4022378==    by 0x1282A4: std::__invoke_result<test_extreme_nested_scheduling()::{lambda()#1}>::type std::__invoke<test_extreme_nested_scheduling()::{lambda()#1}>(test_extreme_nested_scheduling()::{lambda()#1}&&) (invoke.h:96)
==4022378==    by 0x127F83: void std::thread::_Invoker<std::tuple<test_extreme_nested_scheduling()::{lambda()#1}> >::_M_invoke<0ul>(std::_Index_tuple<0ul>) (std_thread.h:292)
==4022378==    by 0x127DC3: std::thread::_Invoker<std::tuple<test_extreme_nested_scheduling()::{lambda()#1}> >::operator()() (std_thread.h:299)
==4022378==  Block was alloc'd by thread #2
==4022378== 
==4022378==  Lock at 0x5A15C28 was first observed
==4022378==    at 0x48512DC: ??? (in /usr/libexec/valgrind/vgpreload_helgrind-amd64-linux.so)
==4022378==    by 0x10EDB9: __gthread_mutex_lock(pthread_mutex_t*) (gthr-default.h:749)
==4022378==    by 0x10EF6F: std::mutex::lock() (std_mutex.h:113)
==4022378==    by 0x1109C2: std::unique_lock<std::mutex>::lock() (unique_lock.h:141)
==4022378==    by 0x10FD78: std::unique_lock<std::mutex>::unique_lock(std::mutex&) (unique_lock.h:71)
==4022378==    by 0x10E852: ThreadPool::dispatcher() (thread-pool.cc:114)
==4022378==    by 0x113D25: void std::__invoke_impl<void, void (ThreadPool::*)(), ThreadPool*>(std::__invoke_memfun_deref, void (ThreadPool::*&&)(), ThreadPool*&&) (invoke.h:74)
==4022378==    by 0x113B97: std::__invoke_result<void (ThreadPool::*)(), ThreadPool*>::type std::__invoke<void (ThreadPool::*)(), ThreadPool*>(void (ThreadPool::*&&)(), ThreadPool*&&) (invoke.h:96)
==4022378==    by 0x113A8A: void std::thread::_Invoker<std::tuple<void (ThreadPool::*)(), ThreadPool*> >::_M_invoke<0ul, 1ul>(std::_Index_tuple<0ul, 1ul>) (std_thread.h:292)
==4022378==    by 0x1139FF: std::thread::_Invoker<std::tuple<void (ThreadPool::*)(), ThreadPool*> >::operator()() (std_thread.h:299)
==4022378==    by 0x11399D: std::thread::_State_impl<std::thread::_Invoker<std::tuple<void (ThreadPool::*)(), ThreadPool*> > >::_M_run() (std_thread.h:244)
==4022378==    by 0x4956DB3: ??? (in /usr/lib/x86_64-linux-gnu/libstdc++.so.6.0.33)
==4022378==  Address 0x5a15c28 is on thread #2's stack
==4022378==  in frame #6, created by test_extreme_nested_scheduling()::{lambda()#1}::operator()() const (test_custom.cc:700)
==4022378== 
==4022378== 
==4022378== 
==4022378== Use --history-level=approx or =none to gain increased speed, at
==4022378== the cost of reduced accuracy of conflicting-access information
==4022378== For lists of detected and suppressed errors, rerun with: -s
==4022378== ERROR SUMMARY: 2998 errors from 2 contexts (suppressed: 62163 from 27)
[1;32m✅ PASSED[0m
[95m[T01][0m Parallel speedup benchmark (4 tasks)... ==4022385== 
==4022385== Use --history-level=approx or =none to gain increased speed, at
==4022385== the cost of reduced accuracy of conflicting-access information
==4022385== For lists of detected and suppressed errors, rerun with: -s
==4022385== ERROR SUMMARY: 0 errors from 0 contexts (suppressed: 335 from 20)
[1;32m✅ PASSED[0m

========================================
Ran 31 tests.
✅ ALL TESTS PASSED
========================================
==4021909== 
==4021909== Use --history-level=approx or =none to gain increased speed, at
==4021909== the cost of reduced accuracy of conflicting-access information
==4021909== For lists of detected and suppressed errors, rerun with: -s
==4021909== ERROR SUMMARY: 0 errors from 0 contexts (suppressed: 0 from 0)
